Component: ARM Compiler 5.06 update 6 (build 750) Tool: armlink [4d35ed]

==============================================================================

Section Cross References

    main.o(i.fputc) refers to apm32f10x_usart.o(i.USART_TxData) for USART_TxData
    main.o(i.fputc) refers to apm32f10x_usart.o(i.USART_ReadStatusFlag) for USART_ReadStatusFlag
    main.o(i.main) refers to board.o(i.APM_MINI_COMInit) for APM_MINI_COMInit
    main.o(i.main) refers to usbd_cdc.o(i.CDC_Init) for CDC_Init
    main.o(i.main) refers to main.o(i.Delay) for Delay
    apm32f10x_int.o(i.USBDWakeUp_IRQHandler) refers to apm32f10x_eint.o(i.EINT_ClearIntFlag) for EINT_ClearIntFlag
    usbd_cdc.o(i.CDC_Init) refers to usbd_init.o(i.USBD_InitParamStructInit) for USBD_InitParamStructInit
    usbd_cdc.o(i.CDC_Init) refers to usbd_init.o(i.USBD_Init) for USBD_Init
    usbd_cdc.o(i.CDC_Init) refers to usbd_class_cdc.o(i.USBD_ClassHandler) for USBD_ClassHandler
    usbd_cdc.o(i.CDC_Init) refers to usbd_cdc.o(i.VCP_Reset) for VCP_Reset
    usbd_cdc.o(i.CDC_Init) refers to usbd_cdc.o(i.USBD_VCP_InEpCallback) for USBD_VCP_InEpCallback
    usbd_cdc.o(i.CDC_Init) refers to usbd_cdc.o(i.USBD_VCP_OutEpCallback) for USBD_VCP_OutEpCallback
    usbd_cdc.o(i.CDC_Init) refers to usbd_descriptor.o(.data) for g_deviceDescriptor
    usbd_cdc.o(i.CDC_Init) refers to usbd_cdc.o(.data) for stdReqCallback
    usbd_cdc.o(i.USBD_VCP_OutEpCallback) refers to usbd_core.o(i.USBD_RxData) for USBD_RxData
    usbd_cdc.o(i.USBD_VCP_OutEpCallback) refers to strlen.o(.text) for strlen
    usbd_cdc.o(i.USBD_VCP_OutEpCallback) refers to usbd_core.o(i.USBD_TxData) for USBD_TxData
    usbd_cdc.o(i.USBD_VCP_OutEpCallback) refers to usbd_core.o(.bss) for g_usbDev
    usbd_cdc.o(i.USBD_VCP_OutEpCallback) refers to usbd_cdc.o(.bss) for dataBuf
    usbd_cdc.o(i.USBD_VCP_SetConfigCallBack) refers to usbd_core.o(i.USBD_RxData) for USBD_RxData
    usbd_cdc.o(i.USBD_VCP_SetConfigCallBack) refers to usbd_core.o(.bss) for g_usbDev
    usbd_cdc.o(i.USBD_VCP_SetConfigCallBack) refers to usbd_cdc.o(.bss) for dataBuf
    usbd_cdc.o(i.VCP_Reset) refers to usbd_init.o(i.USBD_OpenInEP) for USBD_OpenInEP
    usbd_cdc.o(i.VCP_Reset) refers to usbd_init.o(i.USBD_OpenOutEP) for USBD_OpenOutEP
    usbd_cdc.o(.data) refers to usbd_cdc.o(i.USBD_VCP_SetConfigCallBack) for USBD_VCP_SetConfigCallBack
    usbd_descriptor.o(.data) refers to usbd_descriptor.o(.constdata) for g_usbDeviceDescriptor
    usb_bsp.o(i.USBD_HardWareInit) refers to apm32f10x_rcm.o(i.RCM_ConfigUSBCLK) for RCM_ConfigUSBCLK
    usb_bsp.o(i.USBD_HardWareInit) refers to apm32f10x_rcm.o(i.RCM_EnableAPB1PeriphClock) for RCM_EnableAPB1PeriphClock
    usb_bsp.o(i.USBD_HardWareInit) refers to apm32f10x_eint.o(i.EINT_Config) for EINT_Config
    usb_bsp.o(i.USBD_HardWareInit) refers to apm32f10x_misc.o(i.NVIC_EnableIRQRequest) for NVIC_EnableIRQRequest
    usbd_init.o(i.USBD_CloseInEP) refers to drv_usb_device.o(i.USBD_SetEPTxStatus) for USBD_SetEPTxStatus
    usbd_init.o(i.USBD_CloseInEP) refers to usbd_core.o(.bss) for g_usbDev
    usbd_init.o(i.USBD_CloseOutEP) refers to drv_usb_device.o(i.USBD_SetEPRxStatus) for USBD_SetEPRxStatus
    usbd_init.o(i.USBD_CloseOutEP) refers to usbd_core.o(.bss) for g_usbDev
    usbd_init.o(i.USBD_Init) refers to usb_bsp.o(i.USBD_HardWareInit) for USBD_HardWareInit
    usbd_init.o(i.USBD_Init) refers to usbd_init.o(i.USBD_PowerOn) for USBD_PowerOn
    usbd_init.o(i.USBD_Init) refers to usbd_core.o(.bss) for g_usbDev
    usbd_init.o(i.USBD_OpenInEP) refers to usbd_init.o(i.USBD_ConvertEPType) for USBD_ConvertEPType
    usbd_init.o(i.USBD_OpenInEP) refers to drv_usb_device.o(i.USBD_SetEPType) for USBD_SetEPType
    usbd_init.o(i.USBD_OpenInEP) refers to drv_usb_device.o(i.USBD_SetEPKind) for USBD_SetEPKind
    usbd_init.o(i.USBD_OpenInEP) refers to drv_usb_device.o(i.USBD_ResetEPKind) for USBD_ResetEPKind
    usbd_init.o(i.USBD_OpenInEP) refers to drv_usb_device.o(i.USBD_SetEPTxStatus) for USBD_SetEPTxStatus
    usbd_init.o(i.USBD_OpenInEP) refers to usbd_core.o(.bss) for g_usbDev
    usbd_init.o(i.USBD_OpenOutEP) refers to usbd_init.o(i.USBD_ConvertEPType) for USBD_ConvertEPType
    usbd_init.o(i.USBD_OpenOutEP) refers to drv_usb_device.o(i.USBD_SetEPType) for USBD_SetEPType
    usbd_init.o(i.USBD_OpenOutEP) refers to drv_usb_device.o(i.USBD_SetEPKind) for USBD_SetEPKind
    usbd_init.o(i.USBD_OpenOutEP) refers to drv_usb_device.o(i.USBD_ResetEPKind) for USBD_ResetEPKind
    usbd_init.o(i.USBD_OpenOutEP) refers to drv_usb_device.o(i.USBD_SetEPRxCnt) for USBD_SetEPRxCnt
    usbd_init.o(i.USBD_OpenOutEP) refers to drv_usb_device.o(i.USBD_SetEPRxStatus) for USBD_SetEPRxStatus
    usbd_init.o(i.USBD_OpenOutEP) refers to usbd_core.o(.bss) for g_usbDev
    usbd_core.o(i.USBD_CtrlInData) refers to drv_usb_device.o(i.USBD_WriteDataToEP) for USBD_WriteDataToEP
[...]
    Removing apm32f10x_fmc.o(i.FMC_EnableInterrupt), (44 bytes).
    Removing apm32f10x_fmc.o(i.FMC_EnablePrefetchBuffer), (20 bytes).
    Removing apm32f10x_fmc.o(i.FMC_EnableReadOutProtection), (160 bytes).
    Removing apm32f10x_fmc.o(i.FMC_EnableWriteProtection), (208 bytes).
    Removing apm32f10x_fmc.o(i.FMC_EraseAllPage), (76 bytes).
    Removing apm32f10x_fmc.o(i.FMC_EraseOptionBytes), (168 bytes).
    Removing apm32f10x_fmc.o(i.FMC_ErasePage), (80 bytes).
    Removing apm32f10x_fmc.o(i.FMC_GetReadProtectionStatus), (24 bytes).
    Removing apm32f10x_fmc.o(i.FMC_Lock), (20 bytes).
    Removing apm32f10x_fmc.o(i.FMC_ProgramHalfWord), (80 bytes).
    Removing apm32f10x_fmc.o(i.FMC_ProgramOptionByteData), (88 bytes).
    Removing apm32f10x_fmc.o(i.FMC_ProgramWord), (124 bytes).
    Removing apm32f10x_fmc.o(i.FMC_ReadOptionByteWriteProtection), (12 bytes).
    Removing apm32f10x_fmc.o(i.FMC_ReadPrefetchBufferStatus), (16 bytes).
    Removing apm32f10x_fmc.o(i.FMC_ReadStatus), (52 bytes).
    Removing apm32f10x_fmc.o(i.FMC_ReadStatusFlag), (44 bytes).
    Removing apm32f10x_fmc.o(i.FMC_ReadUserOptionByte), (16 bytes).
    Removing apm32f10x_fmc.o(i.FMC_Unlock), (24 bytes).
    Removing apm32f10x_fmc.o(i.FMC_WaitForLastOperation), (38 bytes).
    Removing apm32f10x_fmc.o(i.__set_PRIMASK), (6 bytes).
    Removing apm32f10x_gpio.o(.rev16_text), (4 bytes).
    Removing apm32f10x_gpio.o(.revsh_text), (4 bytes).
    Removing apm32f10x_gpio.o(.rrx_text), (6 bytes).
    Removing apm32f10x_gpio.o(i.GPIO_AFIOReset), (16 bytes).
    Removing apm32f10x_gpio.o(i.GPIO_ConfigEINTLine), (164 bytes).
    Removing apm32f10x_gpio.o(i.GPIO_ConfigEventOutput), (28 bytes).
    Removing apm32f10x_gpio.o(i.GPIO_ConfigPinLock), (18 bytes).
    Removing apm32f10x_gpio.o(i.GPIO_ConfigPinRemap), (88 bytes).
    Removing apm32f10x_gpio.o(i.GPIO_ConfigStructInit), (16 bytes).
    Removing apm32f10x_gpio.o(i.GPIO_DisableEventOutput), (20 bytes).
    Removing apm32f10x_gpio.o(i.GPIO_EnableEventOutput), (20 bytes).
    Removing apm32f10x_gpio.o(i.GPIO_ReadInputBit), (18 bytes).
    Removing apm32f10x_gpio.o(i.GPIO_ReadInputPort), (8 bytes).
    Removing apm32f10x_gpio.o(i.GPIO_ReadOutputBit), (18 bytes).
    Removing apm32f10x_gpio.o(i.GPIO_ReadOutputPort), (8 bytes).
    Removing apm32f10x_gpio.o(i.GPIO_Reset), (116 bytes).
    Removing apm32f10x_gpio.o(i.GPIO_ResetBit), (4 bytes).
    Removing apm32f10x_gpio.o(i.GPIO_SetBit), (4 bytes).
    Removing apm32f10x_gpio.o(i.GPIO_WriteBitValue), (10 bytes).
    Removing apm32f10x_gpio.o(i.GPIO_WriteOutputPort), (4 bytes).
    Removing apm32f10x_i2c.o(.rev16_text), (4 bytes).
    Removing apm32f10x_i2c.o(.revsh_text), (4 bytes).
    Removing apm32f10x_i2c.o(.rrx_text), (6 bytes).
    Removing apm32f10x_i2c.o(i.I2C_ClearIntFlag), (8 bytes).
    Removing apm32f10x_i2c.o(i.I2C_ClearStatusFlag), (94 bytes).
    Removing apm32f10x_i2c.o(i.I2C_Config), (260 bytes).
    Removing apm32f10x_i2c.o(i.I2C_ConfigFastModeDutyCycle), (30 bytes).
    Removing apm32f10x_i2c.o(i.I2C_ConfigNACKPosition), (26 bytes).
    Removing apm32f10x_i2c.o(i.I2C_ConfigOwnAddress2), (10 bytes).
    Removing apm32f10x_i2c.o(i.I2C_ConfigPECPosition), (26 bytes).
    Removing apm32f10x_i2c.o(i.I2C_ConfigSMBusAlert), (26 bytes).
    Removing apm32f10x_i2c.o(i.I2C_ConfigStructInit), (30 bytes).
    Removing apm32f10x_i2c.o(i.I2C_Disable), (10 bytes).
    Removing apm32f10x_i2c.o(i.I2C_DisableARP), (10 bytes).
    Removing apm32f10x_i2c.o(i.I2C_DisableAcknowledge), (10 bytes).
    Removing apm32f10x_i2c.o(i.I2C_DisableDMA), (10 bytes).
    Removing apm32f10x_i2c.o(i.I2C_DisableDMALastTransfer), (10 bytes).
    Removing apm32f10x_i2c.o(i.I2C_DisableDualAddress), (10 bytes).
    Removing apm32f10x_i2c.o(i.I2C_DisableGeneralCall), (10 bytes).
    Removing apm32f10x_i2c.o(i.I2C_DisableGenerateStart), (10 bytes).
    Removing apm32f10x_i2c.o(i.I2C_DisableGenerateStop), (10 bytes).
    Removing apm32f10x_i2c.o(i.I2C_DisableInterrupt), (8 bytes).
    Removing apm32f10x_i2c.o(i.I2C_DisablePEC), (10 bytes).
    Removing apm32f10x_i2c.o(i.I2C_DisablePECTransmit), (10 bytes).
    Removing apm32f10x_i2c.o(i.I2C_DisableSoftwareReset), (10 bytes).
    Removing apm32f10x_i2c.o(i.I2C_DisableStretchClock), (12 bytes).
    Removing apm32f10x_i2c.o(i.I2C_Enable), (12 bytes).
    Removing apm32f10x_i2c.o(i.I2C_EnableARP), (12 bytes).
    Removing apm32f10x_i2c.o(i.I2C_EnableAcknowledge), (14 bytes).
    Removing apm32f10x_i2c.o(i.I2C_EnableDMA), (14 bytes).
    Removing apm32f10x_i2c.o(i.I2C_EnableDMALastTransfer), (14 bytes).
    Removing apm32f10x_i2c.o(i.I2C_EnableDualAddress), (12 bytes).
    Removing apm32f10x_i2c.o(i.I2C_EnableGeneralCall), (12 bytes).
    Removing apm32f10x_i2c.o(i.I2C_EnableGenerateStart), (14 bytes).
    Removing apm32f10x_i2c.o(i.I2C_EnableGenerateStop), (14 bytes).
    Removing apm32f10x_i2c.o(i.I2C_EnableInterrupt), (8 bytes).
    Removing apm32f10x_i2c.o(i.I2C_EnablePEC), (12 bytes).
    Removing apm32f10x_i2c.o(i.I2C_EnablePECTransmit), (14 bytes).
    Removing apm32f10x_i2c.o(i.I2C_EnableSoftwareReset), (14 bytes).
    Removing apm32f10x_i2c.o(i.I2C_EnableStretchClock), (10 bytes).
    Removing apm32f10x_i2c.o(i.I2C_ReadEventStatus), (44 bytes).
    Removing apm32f10x_i2c.o(i.I2C_ReadIntFlag), (36 bytes).
    Removing apm32f10x_i2c.o(i.I2C_ReadLastEvent), (30 bytes).
    Removing apm32f10x_i2c.o(i.I2C_ReadPEC), (10 bytes).
    Removing apm32f10x_i2c.o(i.I2C_ReadRegister), (86 bytes).
    Removing apm32f10x_i2c.o(i.I2C_ReadStatusFlag), (208 bytes).
    Removing apm32f10x_i2c.o(i.I2C_Reset), (52 bytes).
    Removing apm32f10x_i2c.o(i.I2C_RxData), (8 bytes).
    Removing apm32f10x_i2c.o(i.I2C_Tx7BitAddress), (32 bytes).
    Removing apm32f10x_i2c.o(i.I2C_TxData), (10 bytes).
    Removing apm32f10x_iwdt.o(.rev16_text), (4 bytes).
    Removing apm32f10x_iwdt.o(.revsh_text), (4 bytes).
    Removing apm32f10x_iwdt.o(.rrx_text), (6 bytes).
    Removing apm32f10x_iwdt.o(i.IWDT_ConfigDivider), (12 bytes).
    Removing apm32f10x_iwdt.o(i.IWDT_ConfigReload), (12 bytes).
    Removing apm32f10x_iwdt.o(i.IWDT_DisableWriteAccess), (20 bytes).
    Removing apm32f10x_iwdt.o(i.IWDT_Enable), (16 bytes).
    Removing apm32f10x_iwdt.o(i.IWDT_EnableWriteAccess), (24 bytes).
    Removing apm32f10x_iwdt.o(i.IWDT_ReadStatusFlag), (24 bytes).
    Removing apm32f10x_iwdt.o(i.IWDT_Refresh), (16 bytes).
    Removing apm32f10x_misc.o(.rev16_text), (4 bytes).
    Removing apm32f10x_misc.o(.revsh_text), (4 bytes).
    Removing apm32f10x_misc.o(.rrx_text), (6 bytes).
    Removing apm32f10x_misc.o(i.NVIC_ConfigVectorTable), (20 bytes).
    Removing apm32f10x_misc.o(i.NVIC_DisableIRQRequest), (24 bytes).
    Removing apm32f10x_misc.o(i.NVIC_ResetystemLowPower), (16 bytes).
    Removing apm32f10x_misc.o(i.NVIC_SetSystemLowPower), (16 bytes).
    Removing apm32f10x_misc.o(i.SysTick_ConfigCLKSource), (40 bytes).
    Removing apm32f10x_pmu.o(.rev16_text), (4 bytes).
    Removing apm32f10x_pmu.o(.revsh_text), (4 bytes).
    Removing apm32f10x_pmu.o(.rrx_text), (6 bytes).
    Removing apm32f10x_pmu.o(i.PMU_ClearStatusFlag), (44 bytes).
    Removing apm32f10x_pmu.o(i.PMU_ConfigPVDLevel), (28 bytes).
    Removing apm32f10x_pmu.o(i.PMU_DisableBackupAccess), (20 bytes).
    Removing apm32f10x_pmu.o(i.PMU_DisablePVD), (20 bytes).
    Removing apm32f10x_pmu.o(i.PMU_DisableWakeUpPin), (20 bytes).
    Removing apm32f10x_pmu.o(i.PMU_EnableBackupAccess), (24 bytes).
    Removing apm32f10x_pmu.o(i.PMU_EnablePVD), (20 bytes).
    Removing apm32f10x_pmu.o(i.PMU_EnableWakeUpPin), (24 bytes).
    Removing apm32f10x_pmu.o(i.PMU_EnterSTANDBYMode), (56 bytes).
    Removing apm32f10x_pmu.o(i.PMU_EnterSTOPMode), (76 bytes).
    Removing apm32f10x_pmu.o(i.PMU_ReadStatusFlag), (48 bytes).
    Removing apm32f10x_pmu.o(i.PMU_Reset), (20 bytes).
    Removing apm32f10x_rcm.o(.rev16_text), (4 bytes).
    Removing apm32f10x_rcm.o(.revsh_text), (4 bytes).
    Removing apm32f10x_rcm.o(.rrx_text), (6 bytes).
    Removing apm32f10x_rcm.o(i.RCM_ClearIntFlag), (20 bytes).
    Removing apm32f10x_rcm.o(i.RCM_ClearStatusFlag), (24 bytes).
    Removing apm32f10x_rcm.o(i.RCM_ConfigADCCLK), (20 bytes).
    Removing apm32f10x_rcm.o(i.RCM_ConfigAHB), (20 bytes).
    Removing apm32f10x_rcm.o(i.RCM_ConfigAPB1), (20 bytes).
    Removing apm32f10x_rcm.o(i.RCM_ConfigAPB2), (20 bytes).
    Removing apm32f10x_rcm.o(i.RCM_ConfigFPUCLK), (20 bytes).
    Removing apm32f10x_rcm.o(i.RCM_ConfigHSE), (84 bytes).
    Removing apm32f10x_rcm.o(i.RCM_ConfigHSITrim), (20 bytes).
    Removing apm32f10x_rcm.o(i.RCM_ConfigLSE), (76 bytes).
    Removing apm32f10x_rcm.o(i.RCM_ConfigMCO), (20 bytes).
    Removing apm32f10x_rcm.o(i.RCM_ConfigPLL), (44 bytes).
    Removing apm32f10x_rcm.o(i.RCM_ConfigRTCCLK), (20 bytes).
    Removing apm32f10x_rcm.o(i.RCM_ConfigSYSCLK), (20 bytes).
    Removing apm32f10x_rcm.o(i.RCM_DisableAHBPeriphClock), (16 bytes).
    Removing apm32f10x_rcm.o(i.RCM_DisableAPB1PeriphClock), (16 bytes).
    Removing apm32f10x_rcm.o(i.RCM_DisableAPB1PeriphReset), (16 bytes).
    Removing apm32f10x_rcm.o(i.RCM_DisableAPB2PeriphClock), (16 bytes).
    Removing apm32f10x_rcm.o(i.RCM_DisableAPB2PeriphReset), (16 bytes).
    Removing apm32f10x_rcm.o(i.RCM_DisableBackupReset), (20 bytes).
    Removing apm32f10x_rcm.o(i.RCM_DisableCSS), (20 bytes).
    Removing apm32f10x_rcm.o(i.RCM_DisableHSI), (20 bytes).
    Removing apm32f10x_rcm.o(i.RCM_DisableInterrupt), (20 bytes).
    Removing apm32f10x_rcm.o(i.RCM_DisableLSI), (20 bytes).
    Removing apm32f10x_rcm.o(i.RCM_DisablePLL), (20 bytes).
    Removing apm32f10x_rcm.o(i.RCM_DisableRTCCLK), (20 bytes).
    Removing apm32f10x_rcm.o(i.RCM_EnableAHBPeriphClock), (16 bytes).
    Removing apm32f10x_rcm.o(i.RCM_EnableAPB1PeriphReset), (16 bytes).
    Removing apm32f10x_rcm.o(i.RCM_EnableAPB2PeriphReset), (16 bytes).
    Removing apm32f10x_rcm.o(i.RCM_EnableBackupReset), (24 bytes).
    Removing apm32f10x_rcm.o(i.RCM_EnableCSS), (24 bytes).
    Removing apm32f10x_rcm.o(i.RCM_EnableHSI), (20 bytes).
    Removing apm32f10x_rcm.o(i.RCM_EnableInterrupt), (20 bytes).
    Removing apm32f10x_rcm.o(i.RCM_EnableLSI), (20 bytes).
    Removing apm32f10x_rcm.o(i.RCM_EnablePLL), (24 bytes).
    Removing apm32f10x_rcm.o(i.RCM_EnableRTCCLK), (24 bytes).
    Removing apm32f10x_rcm.o(i.RCM_ReadADCCLKFreq), (48 bytes).
    Removing apm32f10x_rcm.o(i.RCM_ReadIntFlag), (24 bytes).
    Removing apm32f10x_rcm.o(i.RCM_ReadSYSCLKSource), (16 bytes).
    Removing apm32f10x_rcm.o(i.RCM_ReadStatusFlag), (64 bytes).
    Removing apm32f10x_rcm.o(i.RCM_Reset), (80 bytes).
    Removing apm32f10x_rcm.o(i.RCM_WaitHSEReady), (44 bytes).
    Removing apm32f10x_rtc.o(.rev16_text), (4 bytes).
    Removing apm32f10x_rtc.o(.revsh_text), (4 bytes).
    Removing apm32f10x_rtc.o(.rrx_text), (6 bytes).
    Removing apm32f10x_rtc.o(i.RTC_ClearIntFlag), (16 bytes).
    Removing apm32f10x_rtc.o(i.RTC_ClearStatusFlag), (16 bytes).
    Removing apm32f10x_rtc.o(i.RTC_ConfigAlarm), (44 bytes).
    Removing apm32f10x_rtc.o(i.RTC_ConfigCounter), (44 bytes).
    Removing apm32f10x_rtc.o(i.RTC_ConfigPrescaler), (44 bytes).
    Removing apm32f10x_rtc.o(i.RTC_DisableConfigMode), (20 bytes).
    Removing apm32f10x_rtc.o(i.RTC_DisableInterrupt), (16 bytes).
    Removing apm32f10x_rtc.o(i.RTC_EnableConfigMode), (20 bytes).
    Removing apm32f10x_rtc.o(i.RTC_EnableInterrupt), (16 bytes).
    Removing apm32f10x_rtc.o(i.RTC_ReadCounter), (24 bytes).
    Removing apm32f10x_rtc.o(i.RTC_ReadDivider), (28 bytes).
    Removing apm32f10x_rtc.o(i.RTC_ReadIntFlag), (24 bytes).
    Removing apm32f10x_rtc.o(i.RTC_ReadStatusFlag), (24 bytes).
    Removing apm32f10x_rtc.o(i.RTC_WaitForLastTask), (20 bytes).
    Removing apm32f10x_rtc.o(i.RTC_WaitForSynchro), (32 bytes).
    Removing apm32f10x_sci2c.o(.rev16_text), (4 bytes).
    Removing apm32f10x_sci2c.o(.revsh_text), (4 bytes).
    Removing apm32f10x_sci2c.o(.rrx_text), (6 bytes).
    Removing apm32f10x_sci2c.o(i.SCI2C_Abort), (12 bytes).
    Removing apm32f10x_sci2c.o(i.SCI2C_BlockTxCmd), (10 bytes).
    Removing apm32f10x_sci2c.o(i.SCI2C_ClearIntFlag), (126 bytes).
    Removing apm32f10x_sci2c.o(i.SCI2C_Config), (148 bytes).
    Removing apm32f10x_sci2c.o(i.SCI2C_ConfigClkPeriod), (30 bytes).
    Removing apm32f10x_sci2c.o(i.SCI2C_ConfigDMARxDataLevel), (6 bytes).
    Removing apm32f10x_sci2c.o(i.SCI2C_ConfigDMATxDataLevel), (6 bytes).
    Removing apm32f10x_sci2c.o(i.SCI2C_ConfigDataDir), (6 bytes).
    Removing apm32f10x_sci2c.o(i.SCI2C_ConfigDataRegister), (14 bytes).
    Removing apm32f10x_sci2c.o(i.SCI2C_ConfigMasterAddr), (18 bytes).
    Removing apm32f10x_sci2c.o(i.SCI2C_ConfigMasterCode), (4 bytes).
    Removing apm32f10x_sci2c.o(i.SCI2C_ConfigRxFifoThreshold), (4 bytes).
    Removing apm32f10x_sci2c.o(i.SCI2C_ConfigSDADelayTime), (6 bytes).
    Removing apm32f10x_sci2c.o(i.SCI2C_ConfigSDAHoldTime), (18 bytes).
    Removing apm32f10x_sci2c.o(i.SCI2C_ConfigSlaveAddr), (12 bytes).
    Removing apm32f10x_sci2c.o(i.SCI2C_ConfigSpeed), (10 bytes).
    Removing apm32f10x_sci2c.o(i.SCI2C_ConfigSpikeSuppressionLimit), (16 bytes).
    Removing apm32f10x_sci2c.o(i.SCI2C_ConfigStructInit), (36 bytes).
    Removing apm32f10x_sci2c.o(i.SCI2C_ConfigTxFifoThreshold), (4 bytes).
    Removing apm32f10x_sci2c.o(i.SCI2C_Disable), (10 bytes).
    Removing apm32f10x_sci2c.o(i.SCI2C_DisableDMA), (12 bytes).
    Removing apm32f10x_sci2c.o(i.SCI2C_DisableInterrupt), (8 bytes).
    Removing apm32f10x_sci2c.o(i.SCI2C_DisableMasterMode), (10 bytes).
    Removing apm32f10x_sci2c.o(i.SCI2C_DisableRestart), (10 bytes).
    Removing apm32f10x_sci2c.o(i.SCI2C_DisableSlaveMode), (12 bytes).
    Removing apm32f10x_sci2c.o(i.SCI2C_DisableStopDetectAddressed), (10 bytes).
    Removing apm32f10x_sci2c.o(i.SCI2C_DisableStopDetectMasterActivity), (10 bytes).
    Removing apm32f10x_sci2c.o(i.SCI2C_Enable), (12 bytes).
    Removing apm32f10x_sci2c.o(i.SCI2C_EnableDMA), (12 bytes).
    Removing apm32f10x_sci2c.o(i.SCI2C_EnableInterrupt), (8 bytes).
    Removing apm32f10x_sci2c.o(i.SCI2C_EnableMasterMode), (12 bytes).
    Removing apm32f10x_sci2c.o(i.SCI2C_EnableRestart), (12 bytes).
    Removing apm32f10x_sci2c.o(i.SCI2C_EnableSlaveMode), (10 bytes).
    Removing apm32f10x_sci2c.o(i.SCI2C_EnableStopDetectAddressed), (12 bytes).
    Removing apm32f10x_sci2c.o(i.SCI2C_EnableStopDetectMasterActivity), (14 bytes).
    Removing apm32f10x_sci2c.o(i.SCI2C_GernalCallAck), (6 bytes).
    Removing apm32f10x_sci2c.o(i.SCI2C_ReadIntFlag), (20 bytes).
    Removing apm32f10x_sci2c.o(i.SCI2C_ReadRawIntFlag), (20 bytes).
    Removing apm32f10x_sci2c.o(i.SCI2C_ReadRxFifoDataCnt), (8 bytes).
    Removing apm32f10x_sci2c.o(i.SCI2C_ReadStatusFlag), (44 bytes).
    Removing apm32f10x_sci2c.o(i.SCI2C_ReadTxAbortSource), (8 bytes).
    Removing apm32f10x_sci2c.o(i.SCI2C_ReadTxFifoDataCnt), (8 bytes).
    Removing apm32f10x_sci2c.o(i.SCI2C_Reset), (68 bytes).
    Removing apm32f10x_sci2c.o(i.SCI2C_RxData), (8 bytes).
    Removing apm32f10x_sci2c.o(i.SCI2C_SlaveDataNackOnly), (6 bytes).
    Removing apm32f10x_sci2c.o(i.SCI2C_TxData), (10 bytes).
    Removing apm32f10x_sdio.o(.rev16_text), (4 bytes).
    Removing apm32f10x_sdio.o(.revsh_text), (4 bytes).
    Removing apm32f10x_sdio.o(.rrx_text), (6 bytes).
    Removing apm32f10x_sdio.o(i.SDIO_ClearIntFlag), (12 bytes).
    Removing apm32f10x_sdio.o(i.SDIO_ClearStatusFlag), (12 bytes).
    Removing apm32f10x_sdio.o(i.SDIO_Config), (48 bytes).
    Removing apm32f10x_sdio.o(i.SDIO_ConfigData), (48 bytes).
    Removing apm32f10x_sdio.o(i.SDIO_ConfigDataStructInit), (20 bytes).
    Removing apm32f10x_sdio.o(i.SDIO_ConfigPowerState), (28 bytes).
    Removing apm32f10x_sdio.o(i.SDIO_ConfigSDIOReadWaitMode), (12 bytes).
    Removing apm32f10x_sdio.o(i.SDIO_ConfigStructInit), (16 bytes).
    Removing apm32f10x_sdio.o(i.SDIO_DisableCEATAInterrupt), (12 bytes).
    Removing apm32f10x_sdio.o(i.SDIO_DisableClock), (12 bytes).
    Removing apm32f10x_sdio.o(i.SDIO_DisableCommandCompletion), (12 bytes).
    Removing apm32f10x_sdio.o(i.SDIO_DisableDMA), (12 bytes).
    Removing apm32f10x_sdio.o(i.SDIO_DisableInterrupt), (16 bytes).
    Removing apm32f10x_sdio.o(i.SDIO_DisableSDIO), (12 bytes).
    Removing apm32f10x_sdio.o(i.SDIO_DisableStartReadWait), (12 bytes).
    Removing apm32f10x_sdio.o(i.SDIO_DisableStopReadWait), (12 bytes).
    Removing apm32f10x_sdio.o(i.SDIO_DisableTxCEATA), (12 bytes).
    Removing apm32f10x_sdio.o(i.SDIO_DisableTxSDIOSuspend), (12 bytes).
    Removing apm32f10x_sdio.o(i.SDIO_EnableCEATAInterrupt), (12 bytes).
    Removing apm32f10x_sdio.o(i.SDIO_EnableClock), (12 bytes).
    Removing apm32f10x_sdio.o(i.SDIO_EnableCommandCompletion), (12 bytes).
    Removing apm32f10x_sdio.o(i.SDIO_EnableDMA), (12 bytes).
    Removing apm32f10x_sdio.o(i.SDIO_EnableInterrupt), (16 bytes).
    Removing apm32f10x_sdio.o(i.SDIO_EnableSDIO), (12 bytes).
    Removing apm32f10x_sdio.o(i.SDIO_EnableStartReadWait), (12 bytes).
    Removing apm32f10x_sdio.o(i.SDIO_EnableStopReadWait), (12 bytes).
    Removing apm32f10x_sdio.o(i.SDIO_EnableTxCEATA), (12 bytes).
    Removing apm32f10x_sdio.o(i.SDIO_EnableTxSDIOSuspend), (12 bytes).
    Removing apm32f10x_sdio.o(i.SDIO_ReadCommandResponse), (12 bytes).
    Removing apm32f10x_sdio.o(i.SDIO_ReadData), (12 bytes).
    Removing apm32f10x_sdio.o(i.SDIO_ReadDataCounter), (12 bytes).
    Removing apm32f10x_sdio.o(i.SDIO_ReadFIFOCount), (12 bytes).
    Removing apm32f10x_sdio.o(i.SDIO_ReadIntFlag), (36 bytes).
    Removing apm32f10x_sdio.o(i.SDIO_ReadPowerState), (16 bytes).
    Removing apm32f10x_sdio.o(i.SDIO_ReadResponse), (24 bytes).
    Removing apm32f10x_sdio.o(i.SDIO_ReadStatusFlag), (24 bytes).
    Removing apm32f10x_sdio.o(i.SDIO_Reset), (36 bytes).
    Removing apm32f10x_sdio.o(i.SDIO_TxCommand), (44 bytes).
    Removing apm32f10x_sdio.o(i.SDIO_TxCommandStructInit), (14 bytes).
    Removing apm32f10x_sdio.o(i.SDIO_WriteData), (12 bytes).
    Removing apm32f10x_spi.o(.rev16_text), (4 bytes).
    Removing apm32f10x_spi.o(.revsh_text), (4 bytes).
    Removing apm32f10x_spi.o(.rrx_text), (6 bytes).
    Removing apm32f10x_spi.o(i.I2S_Config), (224 bytes).
    Removing apm32f10x_spi.o(i.I2S_ConfigStructInit), (20 bytes).
    Removing apm32f10x_spi.o(i.I2S_Disable), (10 bytes).
    Removing apm32f10x_spi.o(i.I2S_Enable), (14 bytes).
    Removing apm32f10x_spi.o(i.SPI_Config), (50 bytes).
    Removing apm32f10x_spi.o(i.SPI_ConfigBiDirectionalLine), (28 bytes).
    Removing apm32f10x_spi.o(i.SPI_ConfigDataSize), (16 bytes).
    Removing apm32f10x_spi.o(i.SPI_ConfigStructInit), (24 bytes).
    Removing apm32f10x_spi.o(i.SPI_Disable), (10 bytes).
    Removing apm32f10x_spi.o(i.SPI_DisableCRC), (10 bytes).
    Removing apm32f10x_spi.o(i.SPI_DisableSSOutput), (10 bytes).
    Removing apm32f10x_spi.o(i.SPI_Enable), (12 bytes).
    Removing apm32f10x_spi.o(i.SPI_EnableCRC), (14 bytes).
    Removing apm32f10x_spi.o(i.SPI_EnableSSOutput), (12 bytes).
    Removing apm32f10x_spi.o(i.SPI_I2S_ClearIntFlag), (10 bytes).
    Removing apm32f10x_spi.o(i.SPI_I2S_ClearStatusFlag), (10 bytes).
    Removing apm32f10x_spi.o(i.SPI_I2S_DisableDMA), (24 bytes).
    Removing apm32f10x_spi.o(i.SPI_I2S_DisableInterrupt), (10 bytes).
    Removing apm32f10x_spi.o(i.SPI_I2S_EnableDMA), (28 bytes).
    Removing apm32f10x_spi.o(i.SPI_I2S_EnableInterrupt), (10 bytes).
    Removing apm32f10x_spi.o(i.SPI_I2S_ReadIntFlag), (28 bytes).
    Removing apm32f10x_spi.o(i.SPI_I2S_ReadStatusFlag), (16 bytes).
    Removing apm32f10x_spi.o(i.SPI_I2S_Reset), (76 bytes).
    Removing apm32f10x_spi.o(i.SPI_I2S_RxData), (8 bytes).
    Removing apm32f10x_spi.o(i.SPI_I2S_TxData), (4 bytes).
    Removing apm32f10x_spi.o(i.SPI_ReadCRCPolynomial), (8 bytes).
    Removing apm32f10x_spi.o(i.SPI_ReadRxCRC), (8 bytes).
    Removing apm32f10x_spi.o(i.SPI_ReadTxCRC), (8 bytes).
    Removing apm32f10x_spi.o(i.SPI_ResetSoftwareNSS), (10 bytes).
    Removing apm32f10x_spi.o(i.SPI_SetSoftwareNSS), (14 bytes).
    Removing apm32f10x_spi.o(i.SPI_TxCRC), (14 bytes).
    Removing apm32f10x_tmr.o(.rev16_text), (4 bytes).
    Removing apm32f10x_tmr.o(.revsh_text), (4 bytes).
    Removing apm32f10x_tmr.o(.rrx_text), (6 bytes).
    Removing apm32f10x_tmr.o(i.TI1Config), (168 bytes).
    Removing apm32f10x_tmr.o(i.TI2Config), (176 bytes).
    Removing apm32f10x_tmr.o(i.TI3Config), (180 bytes).
    Removing apm32f10x_tmr.o(i.TI4Config), (78 bytes).
    Removing apm32f10x_tmr.o(i.TMR_ClearIntFlag), (6 bytes).
    Removing apm32f10x_tmr.o(i.TMR_ClearOC1Ref), (10 bytes).
    Removing apm32f10x_tmr.o(i.TMR_ClearOC2Ref), (10 bytes).
    Removing apm32f10x_tmr.o(i.TMR_ClearOC3Ref), (10 bytes).
    Removing apm32f10x_tmr.o(i.TMR_ClearOC4Ref), (10 bytes).
    Removing apm32f10x_tmr.o(i.TMR_ClearStatusFlag), (6 bytes).
    Removing apm32f10x_tmr.o(i.TMR_ConfigAutoreload), (4 bytes).
    Removing apm32f10x_tmr.o(i.TMR_ConfigBDT), (42 bytes).
    Removing apm32f10x_tmr.o(i.TMR_ConfigBDTStructInit), (18 bytes).
    Removing apm32f10x_tmr.o(i.TMR_ConfigClockDivision), (10 bytes).
    Removing apm32f10x_tmr.o(i.TMR_ConfigCompare1), (4 bytes).
    Removing apm32f10x_tmr.o(i.TMR_ConfigCompare2), (4 bytes).
    Removing apm32f10x_tmr.o(i.TMR_ConfigCompare3), (4 bytes).
    Removing apm32f10x_tmr.o(i.TMR_ConfigCompare4), (4 bytes).
    Removing apm32f10x_tmr.o(i.TMR_ConfigCounter), (4 bytes).
    Removing apm32f10x_tmr.o(i.TMR_ConfigCounterMode), (24 bytes).
    Removing apm32f10x_tmr.o(i.TMR_ConfigDMA), (8 bytes).
    Removing apm32f10x_tmr.o(i.TMR_ConfigETR), (34 bytes).
    Removing apm32f10x_tmr.o(i.TMR_ConfigETRClockMode1), (52 bytes).
    Removing apm32f10x_tmr.o(i.TMR_ConfigETRClockMode2), (36 bytes).
    Removing apm32f10x_tmr.o(i.TMR_ConfigEncodeInterface), (84 bytes).
    Removing apm32f10x_tmr.o(i.TMR_ConfigForcedOC1), (18 bytes).
    Removing apm32f10x_tmr.o(i.TMR_ConfigForcedOC2), (18 bytes).
    Removing apm32f10x_tmr.o(i.TMR_ConfigForcedOC3), (18 bytes).
    Removing apm32f10x_tmr.o(i.TMR_ConfigForcedOC4), (18 bytes).
    Removing apm32f10x_tmr.o(i.TMR_ConfigIC), (116 bytes).
    Removing apm32f10x_tmr.o(i.TMR_ConfigIC1Prescal), (18 bytes).
    Removing apm32f10x_tmr.o(i.TMR_ConfigIC2Prescal), (18 bytes).
    Removing apm32f10x_tmr.o(i.TMR_ConfigIC3Prescal), (18 bytes).
    Removing apm32f10x_tmr.o(i.TMR_ConfigIC4Prescal), (18 bytes).
    Removing apm32f10x_tmr.o(i.TMR_ConfigICStructInit), (18 bytes).
    Removing apm32f10x_tmr.o(i.TMR_ConfigIntTrigExternalClock), (26 bytes).
    Removing apm32f10x_tmr.o(i.TMR_ConfigInternalClock), (10 bytes).
    Removing apm32f10x_tmr.o(i.TMR_ConfigOC1), (128 bytes).
    Removing apm32f10x_tmr.o(i.TMR_ConfigOC1Fast), (10 bytes).
    Removing apm32f10x_tmr.o(i.TMR_ConfigOC1NPolarity), (10 bytes).
    Removing apm32f10x_tmr.o(i.TMR_ConfigOC1Polarity), (10 bytes).
    Removing apm32f10x_tmr.o(i.TMR_ConfigOC1Preload), (10 bytes).
    Removing apm32f10x_tmr.o(i.TMR_ConfigOC2), (160 bytes).
    Removing apm32f10x_tmr.o(i.TMR_ConfigOC2Fast), (10 bytes).
    Removing apm32f10x_tmr.o(i.TMR_ConfigOC2NPolarity), (10 bytes).
    Removing apm32f10x_tmr.o(i.TMR_ConfigOC2Polarity), (10 bytes).
    Removing apm32f10x_tmr.o(i.TMR_ConfigOC2Preload), (10 bytes).
    Removing apm32f10x_tmr.o(i.TMR_ConfigOC3), (160 bytes).
    Removing apm32f10x_tmr.o(i.TMR_ConfigOC3Fast), (10 bytes).
    Removing apm32f10x_tmr.o(i.TMR_ConfigOC3NPolarity), (10 bytes).
    Removing apm32f10x_tmr.o(i.TMR_ConfigOC3Polarity), (10 bytes).
    Removing apm32f10x_tmr.o(i.TMR_ConfigOC3Preload), (10 bytes).
    Removing apm32f10x_tmr.o(i.TMR_ConfigOC4), (108 bytes).
    Removing apm32f10x_tmr.o(i.TMR_ConfigOC4Fast), (10 bytes).
    Removing apm32f10x_tmr.o(i.TMR_ConfigOC4Polarity), (10 bytes).
    Removing apm32f10x_tmr.o(i.TMR_ConfigOC4Preload), (10 bytes).
    Removing apm32f10x_tmr.o(i.TMR_ConfigOCStructInit), (20 bytes).
    Removing apm32f10x_tmr.o(i.TMR_ConfigPWM), (124 bytes).
    Removing apm32f10x_tmr.o(i.TMR_ConfigPrescaler), (12 bytes).
    Removing apm32f10x_tmr.o(i.TMR_ConfigSinglePulseMode), (10 bytes).
    Removing apm32f10x_tmr.o(i.TMR_ConfigTimeBase), (140 bytes).
    Removing apm32f10x_tmr.o(i.TMR_ConfigTimeBaseStructInit), (18 bytes).
    Removing apm32f10x_tmr.o(i.TMR_ConfigTrigExternalClock), (64 bytes).
    Removing apm32f10x_tmr.o(i.TMR_ConfigUpdateRequest), (24 bytes).
    Removing apm32f10x_tmr.o(i.TMR_Disable), (10 bytes).
    Removing apm32f10x_tmr.o(i.TMR_DisableAutoReload), (10 bytes).
    Removing apm32f10x_tmr.o(i.TMR_DisableCCDMA), (10 bytes).
    Removing apm32f10x_tmr.o(i.TMR_DisableCCPreload), (10 bytes).
    Removing apm32f10x_tmr.o(i.TMR_DisableCCxChannel), (12 bytes).
    Removing apm32f10x_tmr.o(i.TMR_DisableCCxNChannel), (12 bytes).
    Removing apm32f10x_tmr.o(i.TMR_DisableDMASoure), (8 bytes).
    Removing apm32f10x_tmr.o(i.TMR_DisableHallSensor), (10 bytes).
    Removing apm32f10x_tmr.o(i.TMR_DisableInterrupt), (8 bytes).
    Removing apm32f10x_tmr.o(i.TMR_DisableMasterSlaveMode), (10 bytes).
    Removing apm32f10x_tmr.o(i.TMR_DisablePWMOutputs), (10 bytes).
    Removing apm32f10x_tmr.o(i.TMR_DisableSelectCOM), (10 bytes).
    Removing apm32f10x_tmr.o(i.TMR_DisableUpdate), (12 bytes).
    Removing apm32f10x_tmr.o(i.TMR_Enable), (12 bytes).
    Removing apm32f10x_tmr.o(i.TMR_EnableAutoReload), (12 bytes).
    Removing apm32f10x_tmr.o(i.TMR_EnableCCDMA), (12 bytes).
    Removing apm32f10x_tmr.o(i.TMR_EnableCCPreload), (12 bytes).
    Removing apm32f10x_tmr.o(i.TMR_EnableCCxChannel), (12 bytes).
    Removing apm32f10x_tmr.o(i.TMR_EnableCCxNChannel), (12 bytes).
    Removing apm32f10x_tmr.o(i.TMR_EnableDMASoure), (8 bytes).
    Removing apm32f10x_tmr.o(i.TMR_EnableHallSensor), (12 bytes).
    Removing apm32f10x_tmr.o(i.TMR_EnableInterrupt), (8 bytes).
    Removing apm32f10x_tmr.o(i.TMR_EnableMasterSlaveMode), (12 bytes).
    Removing apm32f10x_tmr.o(i.TMR_EnablePWMOutputs), (14 bytes).
    Removing apm32f10x_tmr.o(i.TMR_EnableSelectCOM), (12 bytes).
    Removing apm32f10x_tmr.o(i.TMR_EnableUpdate), (10 bytes).
    Removing apm32f10x_tmr.o(i.TMR_GenerateEvent), (4 bytes).
    Removing apm32f10x_tmr.o(i.TMR_ReadCaputer1), (8 bytes).
    Removing apm32f10x_tmr.o(i.TMR_ReadCaputer2), (8 bytes).
    Removing apm32f10x_tmr.o(i.TMR_ReadCaputer3), (8 bytes).
    Removing apm32f10x_tmr.o(i.TMR_ReadCaputer4), (8 bytes).
    Removing apm32f10x_tmr.o(i.TMR_ReadCounter), (8 bytes).
    Removing apm32f10x_tmr.o(i.TMR_ReadIntFlag), (22 bytes).
    Removing apm32f10x_tmr.o(i.TMR_ReadPrescaler), (8 bytes).
    Removing apm32f10x_tmr.o(i.TMR_ReadStatusFlag), (16 bytes).
    Removing apm32f10x_tmr.o(i.TMR_Reset), (192 bytes).
    Removing apm32f10x_tmr.o(i.TMR_SelectInputTrigger), (18 bytes).
    Removing apm32f10x_tmr.o(i.TMR_SelectOCxMode), (66 bytes).
    Removing apm32f10x_tmr.o(i.TMR_SelectOutputTrigger), (10 bytes).
    Removing apm32f10x_tmr.o(i.TMR_SelectSlaveMode), (10 bytes).
    Removing apm32f10x_usart.o(.rev16_text), (4 bytes).
    Removing apm32f10x_usart.o(.revsh_text), (4 bytes).
    Removing apm32f10x_usart.o(.rrx_text), (6 bytes).
    Removing apm32f10x_usart.o(i.USART_Address), (10 bytes).
    Removing apm32f10x_usart.o(i.USART_ClearIntFlag), (16 bytes).
    Removing apm32f10x_usart.o(i.USART_ClearStatusFlag), (8 bytes).
    Removing apm32f10x_usart.o(i.USART_ConfigClock), (42 bytes).
    Removing apm32f10x_usart.o(i.USART_ConfigClockStructInit), (12 bytes).
    Removing apm32f10x_usart.o(i.USART_ConfigGuardTime), (10 bytes).
    Removing apm32f10x_usart.o(i.USART_ConfigIrDA), (10 bytes).
    Removing apm32f10x_usart.o(i.USART_ConfigLINBreakDetectLength), (10 bytes).
    Removing apm32f10x_usart.o(i.USART_ConfigPrescaler), (10 bytes).
    Removing apm32f10x_usart.o(i.USART_ConfigStructInit), (24 bytes).
    Removing apm32f10x_usart.o(i.USART_ConfigWakeUp), (10 bytes).
    Removing apm32f10x_usart.o(i.USART_Disable), (10 bytes).
    Removing apm32f10x_usart.o(i.USART_DisableDMA), (8 bytes).
    Removing apm32f10x_usart.o(i.USART_DisableHalfDuplex), (10 bytes).
    Removing apm32f10x_usart.o(i.USART_DisableInterrupt), (42 bytes).
    Removing apm32f10x_usart.o(i.USART_DisableIrDA), (10 bytes).
    Removing apm32f10x_usart.o(i.USART_DisableLIN), (10 bytes).
    Removing apm32f10x_usart.o(i.USART_DisableMuteMode), (10 bytes).
    Removing apm32f10x_usart.o(i.USART_DisableRx), (10 bytes).
    Removing apm32f10x_usart.o(i.USART_DisableSmartCard), (10 bytes).
    Removing apm32f10x_usart.o(i.USART_DisableSmartCardNACK), (10 bytes).
    Removing apm32f10x_usart.o(i.USART_DisableTx), (10 bytes).
    Removing apm32f10x_usart.o(i.USART_EnableDMA), (8 bytes).
    Removing apm32f10x_usart.o(i.USART_EnableHalfDuplex), (12 bytes).
    Removing apm32f10x_usart.o(i.USART_EnableInterrupt), (40 bytes).
    Removing apm32f10x_usart.o(i.USART_EnableIrDA), (12 bytes).
    Removing apm32f10x_usart.o(i.USART_EnableLIN), (14 bytes).
    Removing apm32f10x_usart.o(i.USART_EnableMuteMode), (12 bytes).
    Removing apm32f10x_usart.o(i.USART_EnableRx), (12 bytes).
    Removing apm32f10x_usart.o(i.USART_EnableSmartCard), (12 bytes).
    Removing apm32f10x_usart.o(i.USART_EnableSmartCardNACK), (12 bytes).
    Removing apm32f10x_usart.o(i.USART_EnableTx), (12 bytes).
    Removing apm32f10x_usart.o(i.USART_ReadIntFlag), (62 bytes).
    Removing apm32f10x_usart.o(i.USART_ReadStatusFlag), (16 bytes).
    Removing apm32f10x_usart.o(i.USART_Reset), (144 bytes).
    Removing apm32f10x_usart.o(i.USART_RxData), (10 bytes).
    Removing apm32f10x_usart.o(i.USART_TxBreak), (12 bytes).
    Removing apm32f10x_usart.o(i.USART_TxData), (10 bytes).
    Removing apm32f10x_wwdt.o(.rev16_text), (4 bytes).
    Removing apm32f10x_wwdt.o(.revsh_text), (4 bytes).
    Removing apm32f10x_wwdt.o(.rrx_text), (6 bytes).
    Removing apm32f10x_wwdt.o(i.WWDT_ClearFlag), (20 bytes).
    Removing apm32f10x_wwdt.o(i.WWDT_ConfigCounter), (16 bytes).
    Removing apm32f10x_wwdt.o(i.WWDT_ConfigTimebase), (32 bytes).
    Removing apm32f10x_wwdt.o(i.WWDT_ConfigWindowData), (36 bytes).
    Removing apm32f10x_wwdt.o(i.WWDT_Enable), (16 bytes).
    Removing apm32f10x_wwdt.o(i.WWDT_EnableEWI), (24 bytes).
    Removing apm32f10x_wwdt.o(i.WWDT_ReadFlag), (12 bytes).
    Removing apm32f10x_wwdt.o(i.WWDT_Reset), (20 bytes).
    Removing system_apm32f10x.o(.rev16_text), (4 bytes).
    Removing system_apm32f10x.o(.revsh_text), (4 bytes).
    Removing system_apm32f10x.o(.rrx_text), (6 bytes).
    Removing system_apm32f10x.o(i.SystemCoreClockUpdate), (108 bytes).
    Removing system_apm32f10x.o(.data), (4 bytes).
    Removing startup_apm32f10x_hd.o(HEAP), (512 bytes).

751 unused section(s) (total 21810 bytes) removed from the image.

==============================================================================

Image Symbol Table

    Local Symbols

    Symbol Name                              Value     Ov Type        Size  Object(Section)

    ../clib/microlib/init/entry.s            0x00000000   Number         0  entry11b.o ABSOLUTE
    ../clib/microlib/init/entry.s            0x00000000   Number         0  entry5.o ABSOLUTE
    ../clib/microlib/init/entry.s            0x00000000   Number         0  entry2.o ABSOLUTE
    ../clib/microlib/init/entry.s            0x00000000   Number         0  entry8b.o ABSOLUTE
    ../clib/microlib/init/entry.s            0x00000000   Number         0  entry8a.o ABSOLUTE
    ../clib/microlib/init/entry.s            0x00000000   Number         0  entry11a.o ABSOLUTE
    ../clib/microlib/init/entry.s            0x00000000   Number         0  entry10b.o ABSOLUTE
    ../clib/microlib/init/entry.s            0x00000000   Number         0  entry.o ABSOLUTE
    ../clib/microlib/init/entry.s            0x00000000   Number         0  entry7a.o ABSOLUTE
    ../clib/microlib/init/entry.s            0x00000000   Number         0  entry10a.o ABSOLUTE
    ../clib/microlib/init/entry.s            0x00000000   Number         0  entry9b.o ABSOLUTE
    ../clib/microlib/init/entry.s            0x00000000   Number         0  entry7b.o ABSOLUTE
    ../clib/microlib/init/entry.s            0x00000000   Number         0  entry9a.o ABSOLUTE
    ../clib/microlib/string/strlen.c         0x00000000   Number         0  strlen.o ABSOLUTE
    ..\..\..\..\..\Boards\Board.c            0x00000000   Number         0  board.o ABSOLUTE
    ..\..\..\..\..\Libraries\APM32F10x_StdPeriphDriver\src\apm32f10x_adc.c 0x00000000   Number         0  apm32f10x_adc.o ABSOLUTE
    ..\..\..\..\..\Libraries\APM32F10x_StdPeriphDriver\src\apm32f10x_bakpr.c 0x00000000   Number         0  apm32f10x_bakpr.o ABSOLUTE
    ..\..\..\..\..\Libraries\APM32F10x_StdPeriphDriver\src\apm32f10x_can.c 0x00000000   Number         0  apm32f10x_can.o ABSOLUTE
    ..\..\..\..\..\Libraries\APM32F10x_StdPeriphDriver\src\apm32f10x_crc.c 0x00000000   Number         0  apm32f10x_crc.o ABSOLUTE
    ..\..\..\..\..\Libraries\APM32F10x_StdPeriphDriver\src\apm32f10x_dac.c 0x00000000   Number         0  apm32f10x_dac.o ABSOLUTE
    ..\..\..\..\..\Libraries\APM32F10x_StdPeriphDriver\src\apm32f10x_dbgmcu.c 0x00000000   Number         0  apm32f10x_dbgmcu.o ABSOLUTE
    ..\..\..\..\..\Libraries\APM32F10x_StdPeriphDriver\src\apm32f10x_dma.c 0x00000000   Number         0  apm32f10x_dma.o ABSOLUTE
    ..\..\..\..\..\Libraries\APM32F10x_StdPeriphDriver\src\apm32f10x_dmc.c 0x00000000   Number         0  apm32f10x_dmc.o ABSOLUTE
    ..\..\..\..\..\Libraries\APM32F10x_StdPeriphDriver\src\apm32f10x_eint.c 0x00000000   Number         0  apm32f10x_eint.o ABSOLUTE
    ..\..\..\..\..\Libraries\APM32F10x_StdPeriphDriver\src\apm32f10x_fmc.c 0x00000000   Number         0  apm32f10x_fmc.o ABSOLUTE
    ..\..\..\..\..\Libraries\APM32F10x_StdPeriphDriver\src\apm32f10x_gpio.c 0x00000000   Number         0  apm32f10x_gpio.o ABSOLUTE
    ..\..\..\..\..\Libraries\APM32F10x_StdPeriphDriver\src\apm32f10x_i2c.c 0x00000000   Number         0  apm32f10x_i2c.o ABSOLUTE
    ..\..\..\..\..\Libraries\APM32F10x_StdPeriphDriver\src\apm32f10x_iwdt.c 0x00000000   Number         0  apm32f10x_iwdt.o ABSOLUTE
    ..\..\..\..\..\Libraries\APM32F10x_StdPeriphDriver\src\apm32f10x_misc.c 0x00000000   Number         0  apm32f10x_misc.o ABSOLUTE
    ..\..\..\..\..\Libraries\APM32F10x_StdPeriphDriver\src\apm32f10x_pmu.c 0x00000000   Number         0  apm32f10x_pmu.o ABSOLUTE
    ..\..\..\..\..\Libraries\APM32F10x_StdPeriphDriver\src\apm32f10x_qspi.c 0x00000000   Number         0  apm32f10x_qspi.o ABSOLUTE
    ..\..\..\..\..\Libraries\APM32F10x_StdPeriphDriver\src\apm32f10x_rcm.c 0x00000000   Number         0  apm32f10x_rcm.o ABSOLUTE
    ..\..\..\..\..\Libraries\APM32F10x_StdPeriphDriver\src\apm32f10x_rtc.c 0x00000000   Number         0  apm32f10x_rtc.o ABSOLUTE
    ..\..\..\..\..\Libraries\APM32F10x_StdPeriphDriver\src\apm32f10x_sci2c.c 0x00000000   Number         0  apm32f10x_sci2c.o ABSOLUTE
    ..\..\..\..\..\Libraries\APM32F10x_StdPeriphDriver\src\apm32f10x_sdio.c 0x00000000   Number         0  apm32f10x_sdio.o ABSOLUTE
    ..\..\..\..\..\Libraries\APM32F10x_StdPeriphDriver\src\apm32f10x_smc.c 0x00000000   Number         0  apm32f10x_smc.o ABSOLUTE
    ..\..\..\..\..\Libraries\APM32F10x_StdPeriphDriver\src\apm32f10x_spi.c 0x00000000   Number         0  apm32f10x_spi.o ABSOLUTE
    ..\..\..\..\..\Libraries\APM32F10x_StdPeriphDriver\src\apm32f10x_tmr.c 0x00000000   Number         0  apm32f10x_tmr.o ABSOLUTE
    ..\..\..\..\..\Libraries\APM32F10x_StdPeriphDriver\src\apm32f10x_usart.c 0x00000000   Number         0  apm32f10x_usart.o ABSOLUTE
    ..\..\..\..\..\Libraries\APM32F10x_StdPeriphDriver\src\apm32f10x_wwdt.c 0x00000000   Number         0  apm32f10x_wwdt.o ABSOLUTE
    ..\..\..\..\..\Libraries\Device\Geehy\APM32F10x\Source\arm\startup_apm32f10x_hd.s 0x00000000   Number         0  startup_apm32f10x_hd.o ABSOLUTE
    ..\..\..\..\..\Libraries\USB_Device_Lib\Core_Device\Class\CDC\src\usbd_class_cdc.c 0x00000000   Number         0  usbd_class_cdc.o ABSOLUTE
    ..\..\..\..\..\Libraries\USB_Device_Lib\Core_Device\Standard\src\usbd_core.c 0x00000000   Number         0  usbd_core.o ABSOLUTE
    ..\..\..\..\..\Libraries\USB_Device_Lib\Core_Device\Standard\src\usbd_init.c 0x00000000   Number         0  usbd_init.o ABSOLUTE
    ..\..\..\..\..\Libraries\USB_Device_Lib\Core_Device\Standard\src\usbd_interrupt.c 0x00000000   Number         0  usbd_interrupt.o ABSOLUTE
    ..\..\..\..\..\Libraries\USB_Device_Lib\Core_Device\Standard\src\usbd_stdReq.c 0x00000000   Number         0  usbd_stdreq.o ABSOLUTE
    ..\..\..\..\..\Libraries\USB_Device_Lib\Driver\src\drv_usb_device.c 0x00000000   Number         0  drv_usb_device.o ABSOLUTE
    ..\..\Source\apm32f10x_int.c             0x00000000   Number         0  apm32f10x_int.o ABSOLUTE
    ..\..\Source\main.c                      0x00000000   Number         0  main.o ABSOLUTE
    ..\..\Source\system_apm32f10x.c          0x00000000   Number         0  system_apm32f10x.o ABSOLUTE
    ..\..\Source\usb_bsp.c                   0x00000000   Number         0  usb_bsp.o ABSOLUTE
    ..\..\Source\usbd_cdc.c                  0x00000000   Number         0  usbd_cdc.o ABSOLUTE
    ..\..\Source\usbd_descriptor.c           0x00000000   Number         0  usbd_descriptor.o ABSOLUTE
    ..\\..\\..\\..\\..\\Boards\\Board.c      0x00000000   Number         0  board.o ABSOLUTE
    ..\\..\\..\\..\\..\\Libraries\\APM32F10x_StdPeriphDriver\\src\\apm32f10x_adc.c 0x00000000   Number         0  apm32f10x_adc.o ABSOLUTE
    ..\\..\\..\\..\\..\\Libraries\\APM32F10x_StdPeriphDriver\\src\\apm32f10x_bakpr.c 0x00000000   Number         0  apm32f10x_bakpr.o ABSOLUTE
    ..\\..\\..\\..\\..\\Libraries\\APM32F10x_StdPeriphDriver\\src\\apm32f10x_can.c 0x00000000   Number         0  apm32f10x_can.o ABSOLUTE
    ..\\..\\..\\..\\..\\Libraries\\APM32F10x_StdPeriphDriver\\src\\apm32f10x_crc.c 0x00000000   Number         0  apm32f10x_crc.o ABSOLUTE
    ..\\..\\..\\..\\..\\Libraries\\APM32F10x_StdPeriphDriver\\src\\apm32f10x_dac.c 0x00000000   Number         0  apm32f10x_dac.o ABSOLUTE
    ..\\..\\..\\..\\..\\Libraries\\APM32F10x_StdPeriphDriver\\src\\apm32f10x_dbgmcu.c 0x00000000   Number         0  apm32f10x_dbgmcu.o ABSOLUTE
    ..\\..\\..\\..\\..\\Libraries\\APM32F10x_StdPeriphDriver\\src\\apm32f10x_dma.c 0x00000000   Number         0  apm32f10x_dma.o ABSOLUTE
    ..\\..\\..\\..\\..\\Libraries\\APM32F10x_StdPeriphDriver\\src\\apm32f10x_dmc.c 0x00000000   Number         0  apm32f10x_dmc.o ABSOLUTE
    ..\\..\\..\\..\\..\\Libraries\\APM32F10x_StdPeriphDriver\\src\\apm32f10x_eint.c 0x00000000   Number         0  apm32f10x_eint.o ABSOLUTE
    ..\\..\\..\\..\\..\\Libraries\\APM32F10x_StdPeriphDriver\\src\\apm32f10x_fmc.c 0x00000000   Number         0  apm32f10x_fmc.o ABSOLUTE
    ..\\..\\..\\..\\..\\Libraries\\APM32F10x_StdPeriphDriver\\src\\apm32f10x_gpio.c 0x00000000   Number         0  apm32f10x_gpio.o ABSOLUTE
    ..\\..\\..\\..\\..\\Libraries\\APM32F10x_StdPeriphDriver\\src\\apm32f10x_i2c.c 0x00000000   Number         0  apm32f10x_i2c.o ABSOLUTE
    ..\\..\\..\\..\\..\\Libraries\\APM32F10x_StdPeriphDriver\\src\\apm32f10x_iwdt.c 0x00000000   Number         0  apm32f10x_iwdt.o ABSOLUTE
    ..\\..\\..\\..\\..\\Libraries\\APM32F10x_StdPeriphDriver\\src\\apm32f10x_misc.c 0x00000000   Number         0  apm32f10x_misc.o ABSOLUTE
    ..\\..\\..\\..\\..\\Libraries\\APM32F10x_StdPeriphDriver\\src\\apm32f10x_pmu.c 0x00000000   Number         0  apm32f10x_pmu.o ABSOLUTE
    ..\\..\\..\\..\\..\\Libraries\\APM32F10x_StdPeriphDriver\\src\\apm32f10x_rcm.c 0x00000000   Number         0  apm32f10x_rcm.o ABSOLUTE
    ..\\..\\..\\..\\..\\Libraries\\APM32F10x_StdPeriphDriver\\src\\apm32f10x_rtc.c 0x00000000   Number         0  apm32f10x_rtc.o ABSOLUTE
    ..\\..\\..\\..\\..\\Libraries\\APM32F10x_StdPeriphDriver\\src\\apm32f10x_sci2c.c 0x00000000   Number         0  apm32f10x_sci2c.o ABSOLUTE
    ..\\..\\..\\..\\..\\Libraries\\APM32F10x_StdPeriphDriver\\src\\apm32f10x_sdio.c 0x00000000   Number         0  apm32f10x_sdio.o ABSOLUTE
    ..\\..\\..\\..\\..\\Libraries\\APM32F10x_StdPeriphDriver\\src\\apm32f10x_smc.c 0x00000000   Number         0  apm32f10x_smc.o ABSOLUTE
    ..\\..\\..\\..\\..\\Libraries\\APM32F10x_StdPeriphDriver\\src\\apm32f10x_spi.c 0x00000000   Number         0  apm32f10x_spi.o ABSOLUTE
    ..\\..\\..\\..\\..\\Libraries\\APM32F10x_StdPeriphDriver\\src\\apm32f10x_tmr.c 0x00000000   Number         0  apm32f10x_tmr.o ABSOLUTE
    ..\\..\\..\\..\\..\\Libraries\\APM32F10x_StdPeriphDriver\\src\\apm32f10x_usart.c 0x00000000   Number         0  apm32f10x_usart.o ABSOLUTE
    ..\\..\\..\\..\\..\\Libraries\\APM32F10x_StdPeriphDriver\\src\\apm32f10x_wwdt.c 0x00000000   Number         0  apm32f10x_wwdt.o ABSOLUTE
    ..\\..\\..\\..\\..\\Libraries\\USB_Device_Lib\\Core_Device\\Class\\CDC\\src\\usbd_class_cdc.c 0x00000000   Number         0  usbd_class_cdc.o ABSOLUTE
    ..\\..\\..\\..\\..\\Libraries\\USB_Device_Lib\\Core_Device\\Standard\\src\\usbd_core.c 0x00000000   Number         0  usbd_core.o ABSOLUTE
    ..\\..\\..\\..\\..\\Libraries\\USB_Device_Lib\\Core_Device\\Standard\\src\\usbd_init.c 0x00000000   Number         0  usbd_init.o ABSOLUTE
    ..\\..\\..\\..\\..\\Libraries\\USB_Device_Lib\\Core_Device\\Standard\\src\\usbd_interrupt.c 0x00000000   Number         0  usbd_interrupt.o ABSOLUTE
    ..\\..\\..\\..\\..\\Libraries\\USB_Device_Lib\\Core_Device\\Standard\\src\\usbd_stdReq.c 0x00000000   Number         0  usbd_stdreq.o ABSOLUTE
    ..\\..\\..\\..\\..\\Libraries\\USB_Device_Lib\\Driver\\src\\drv_usb_device.c 0x00000000   Number         0  drv_usb_device.o ABSOLUTE
    ..\\..\\Source\\apm32f10x_int.c          0x00000000   Number         0  apm32f10x_int.o ABSOLUTE
    ..\\..\\Source\\main.c                   0x00000000   Number         0  main.o ABSOLUTE
    ..\\..\\Source\\system_apm32f10x.c       0x00000000   Number         0  system_apm32f10x.o ABSOLUTE
    ..\\..\\Source\\usb_bsp.c                0x00000000   Number         0  usb_bsp.o ABSOLUTE
    ..\\..\\Source\\usbd_cdc.c               0x00000000   Number         0  usbd_cdc.o ABSOLUTE
    ..\\..\\Source\\usbd_descriptor.c        0x00000000   Number         0  usbd_descriptor.o ABSOLUTE
    dc.s                                     0x00000000   Number         0  dc.o ABSOLUTE
    handlers.s                               0x00000000   Number         0  handlers.o ABSOLUTE
    init.s                                   0x00000000   Number         0  init.o ABSOLUTE
    RESET                                    0x08000000   Section      324  startup_apm32f10x_hd.o(RESET)
    .ARM.Collect$$$$00000000                 0x08000144   Section        0  entry.o(.ARM.Collect$$$$00000000)
    .ARM.Collect$$$$00000001                 0x08000144   Section        4  entry2.o(.ARM.Collect$$$$00000001)
    .ARM.Collect$$$$00000004                 0x08000148   Section        4  entry5.o(.ARM.Collect$$$$00000004)
    .ARM.Collect$$$$00000008                 0x0800014c   Section        0  entry7b.o(.ARM.Collect$$$$00000008)
    .ARM.Collect$$$$0000000A                 0x0800014c   Section        0  entry8b.o(.ARM.Collect$$$$0000000A)
    .ARM.Collect$$$$0000000B                 0x0800014c   Section        8  entry9a.o(.ARM.Collect$$$$0000000B)
    .ARM.Collect$$$$0000000D                 0x08000154   Section        0  entry10a.o(.ARM.Collect$$$$0000000D)
    .ARM.Collect$$$$0000000F                 0x08000154   Section        0  entry11a.o(.ARM.Collect$$$$0000000F)
    .ARM.Collect$$$$00002712                 0x08000154   Section        4  entry2.o(.ARM.Collect$$$$00002712)
    __lit__00000000                          0x08000154   Data           4  entry2.o(.ARM.Collect$$$$00002712)
    .text                                    0x08000158   Section       36  startup_apm32f10x_hd.o(.text)
    .text                                    0x0800017c   Section        0  strlen.o(.text)
    .text                                    0x0800018c   Section       36  init.o(.text)
    i.APM_MINI_COMInit                       0x080001b0   Section        0  board.o(i.APM_MINI_COMInit)
    i.BusFault_Handler                       0x08000258   Section        0  apm32f10x_int.o(i.BusFault_Handler)
    i.CDC_Init                               0x0800025c   Section        0  usbd_cdc.o(i.CDC_Init)
    i.DebugMon_Handler                       0x080002c0   Section        0  apm32f10x_int.o(i.DebugMon_Handler)
    i.Delay                                  0x080002c2   Section        0  main.o(i.Delay)
    i.EINT_ClearIntFlag                      0x080002d0   Section        0  apm32f10x_eint.o(i.EINT_ClearIntFlag)
    i.EINT_Config                            0x080002dc   Section        0  apm32f10x_eint.o(i.EINT_Config)
    i.GPIO_Config                            0x08000370   Section        0  apm32f10x_gpio.o(i.GPIO_Config)
    i.HardFault_Handler                      0x0800040a   Section        0  apm32f10x_int.o(i.HardFault_Handler)
    i.MemManage_Handler                      0x0800040e   Section        0  apm32f10x_int.o(i.MemManage_Handler)
    i.NMI_Handler                            0x08000412   Section        0  apm32f10x_int.o(i.NMI_Handler)
    i.NVIC_ConfigPriorityGroup               0x08000414   Section        0  apm32f10x_misc.o(i.NVIC_ConfigPriorityGroup)
    i.NVIC_EnableIRQRequest                  0x08000428   Section        0  apm32f10x_misc.o(i.NVIC_EnableIRQRequest)
    i.PendSV_Handler                         0x080004c8   Section        0  apm32f10x_int.o(i.PendSV_Handler)
    i.RCM_ConfigUSBCLK                       0x080004cc   Section        0  apm32f10x_rcm.o(i.RCM_ConfigUSBCLK)
    i.RCM_EnableAPB1PeriphClock              0x080004e0   Section        0  apm32f10x_rcm.o(i.RCM_EnableAPB1PeriphClock)
    i.RCM_EnableAPB2PeriphClock              0x080004f0   Section        0  apm32f10x_rcm.o(i.RCM_EnableAPB2PeriphClock)
    i.RCM_ReadHCLKFreq                       0x08000500   Section        0  apm32f10x_rcm.o(i.RCM_ReadHCLKFreq)
    i.RCM_ReadPCLKFreq                       0x0800053c   Section        0  apm32f10x_rcm.o(i.RCM_ReadPCLKFreq)
    i.RCM_ReadSYSCLKFreq                     0x08000588   Section        0  apm32f10x_rcm.o(i.RCM_ReadSYSCLKFreq)
    i.SVC_Handler                            0x080005ec   Section        0  apm32f10x_int.o(i.SVC_Handler)
    i.SysTick_Handler                        0x080005ee   Section        0  apm32f10x_int.o(i.SysTick_Handler)
    i.SystemClock72M                         0x080005f0   Section        0  system_apm32f10x.o(i.SystemClock72M)
    SystemClock72M                           0x080005f1   Thumb Code   212  system_apm32f10x.o(i.SystemClock72M)
    i.SystemClockConfig                      0x080006cc   Section        0  system_apm32f10x.o(i.SystemClockConfig)
    SystemClockConfig                        0x080006cd   Thumb Code     8  system_apm32f10x.o(i.SystemClockConfig)
    i.SystemInit                             0x080006d4   Section        0  system_apm32f10x.o(i.SystemInit)
    i.USART_Config                           0x08000734   Section        0  apm32f10x_usart.o(i.USART_Config)
    i.USART_Enable                           0x080007c4   Section        0  apm32f10x_usart.o(i.USART_Enable)
    i.USBD1_HP_CAN1_TX_IRQHandler            0x080007d2   Section        0  usbd_interrupt.o(i.USBD1_HP_CAN1_TX_IRQHandler)
    i.USBD1_LP_CAN1_RX0_IRQHandler           0x080007dc   Section        0  usbd_interrupt.o(i.USBD1_LP_CAN1_RX0_IRQHandler)
    i.USBDWakeUp_IRQHandler                  0x08000840   Section        0  apm32f10x_int.o(i.USBDWakeUp_IRQHandler)
    i.USBD_ClassHandler                      0x0800084c   Section        0  usbd_class_cdc.o(i.USBD_ClassHandler)
    i.USBD_ConvertEPType                     0x0800084e   Section        0  usbd_init.o(i.USBD_ConvertEPType)
    USBD_ConvertEPType                       0x0800084f   Thumb Code    38  usbd_init.o(i.USBD_ConvertEPType)
    i.USBD_CtrlInData                        0x08000874   Section        0  usbd_core.o(i.USBD_CtrlInData)
    i.USBD_CtrlInProcess                     0x08000960   Section        0  usbd_core.o(i.USBD_CtrlInProcess)
    i.USBD_CtrlOutData                       0x08000a40   Section        0  usbd_core.o(i.USBD_CtrlOutData)
    i.USBD_CtrlOutProcess                    0x08000a9c   Section        0  usbd_core.o(i.USBD_CtrlOutProcess)
    i.USBD_DataInProcess                     0x08000b34   Section        0  usbd_core.o(i.USBD_DataInProcess)
    i.USBD_DataOutProcess                    0x08000bf4   Section        0  usbd_core.o(i.USBD_DataOutProcess)
    i.USBD_HardWareInit                      0x08000cd4   Section        0  usb_bsp.o(i.USBD_HardWareInit)
    i.USBD_HighPriorityProc                  0x08000d18   Section        0  usbd_interrupt.o(i.USBD_HighPriorityProc)
    USBD_HighPriorityProc                    0x08000d19   Thumb Code   102  usbd_interrupt.o(i.USBD_HighPriorityProc)
    i.USBD_Init                              0x08000d8c   Section        0  usbd_init.o(i.USBD_Init)
    i.USBD_InitParamStructInit               0x08000e08   Section        0  usbd_init.o(i.USBD_InitParamStructInit)
    i.USBD_LowPriorityProc                   0x08000e20   Section        0  usbd_interrupt.o(i.USBD_LowPriorityProc)
    USBD_LowPriorityProc                     0x08000e21   Thumb Code   152  usbd_interrupt.o(i.USBD_LowPriorityProc)
    i.USBD_OpenInEP                          0x08000ec0   Section        0  usbd_init.o(i.USBD_OpenInEP)
    i.USBD_OpenOutEP                         0x08000f20   Section        0  usbd_init.o(i.USBD_OpenOutEP)
    i.USBD_PowerOn                           0x08000f88   Section        0  usbd_init.o(i.USBD_PowerOn)
    i.USBD_ReadDataFromEP                    0x08000fd4   Section        0  drv_usb_device.o(i.USBD_ReadDataFromEP)
    i.USBD_ResetEPKind                       0x0800101c   Section        0  drv_usb_device.o(i.USBD_ResetEPKind)
    i.USBD_ResetEPRxFlag                     0x08001050   Section        0  drv_usb_device.o(i.USBD_ResetEPRxFlag)
    i.USBD_ResetEPTxFlag                     0x08001084   Section        0  drv_usb_device.o(i.USBD_ResetEPTxFlag)
    i.USBD_ResetIsrHandler                   0x080010b8   Section        0  usbd_interrupt.o(i.USBD_ResetIsrHandler)
    USBD_ResetIsrHandler                     0x080010b9   Thumb Code   178  usbd_interrupt.o(i.USBD_ResetIsrHandler)
    i.USBD_ResumeIsrHandler                  0x08001174   Section        0  usbd_interrupt.o(i.USBD_ResumeIsrHandler)
    USBD_ResumeIsrHandler                    0x08001175   Thumb Code    16  usbd_interrupt.o(i.USBD_ResumeIsrHandler)
    i.USBD_RxData                            0x08001188   Section        0  usbd_core.o(i.USBD_RxData)
    i.USBD_SetEPKind                         0x080011e0   Section        0  drv_usb_device.o(i.USBD_SetEPKind)
    i.USBD_SetEPRxCnt                        0x08001214   Section        0  drv_usb_device.o(i.USBD_SetEPRxCnt)
    i.USBD_SetEPRxStatus                     0x08001284   Section        0  drv_usb_device.o(i.USBD_SetEPRxStatus)
    i.USBD_SetEPTxRxStatus                   0x080012bc   Section        0  drv_usb_device.o(i.USBD_SetEPTxRxStatus)
    i.USBD_SetEPTxStatus                     0x08001300   Section        0  drv_usb_device.o(i.USBD_SetEPTxStatus)
    i.USBD_SetEPType                         0x08001338   Section        0  drv_usb_device.o(i.USBD_SetEPType)
    i.USBD_SetEpAddr                         0x08001374   Section        0  drv_usb_device.o(i.USBD_SetEpAddr)
    i.USBD_SetupProcess                      0x080013ac   Section        0  usbd_core.o(i.USBD_SetupProcess)
    i.USBD_StandardClearFeature              0x08001468   Section        0  usbd_stdreq.o(i.USBD_StandardClearFeature)
    USBD_StandardClearFeature                0x08001469   Thumb Code     4  usbd_stdreq.o(i.USBD_StandardClearFeature)
    i.USBD_StandardGetConfiguration          0x0800146c   Section        0  usbd_stdreq.o(i.USBD_StandardGetConfiguration)
    USBD_StandardGetConfiguration            0x0800146d   Thumb Code    50  usbd_stdreq.o(i.USBD_StandardGetConfiguration)
    i.USBD_StandardGetDescriptor             0x080014a4   Section        0  usbd_stdreq.o(i.USBD_StandardGetDescriptor)
    USBD_StandardGetDescriptor               0x080014a5   Thumb Code   224  usbd_stdreq.o(i.USBD_StandardGetDescriptor)
    i.USBD_StandardGetInterface              0x08001588   Section        0  usbd_stdreq.o(i.USBD_StandardGetInterface)
    USBD_StandardGetInterface                0x08001589   Thumb Code     4  usbd_stdreq.o(i.USBD_StandardGetInterface)
    i.USBD_StandardGetStatus                 0x0800158c   Section        0  usbd_stdreq.o(i.USBD_StandardGetStatus)
    USBD_StandardGetStatus                   0x0800158d   Thumb Code   206  usbd_stdreq.o(i.USBD_StandardGetStatus)
    i.USBD_StandardReqeust                   0x08001664   Section        0  usbd_stdreq.o(i.USBD_StandardReqeust)
    i.USBD_StandardSetAddress                0x0800171c   Section        0  usbd_stdreq.o(i.USBD_StandardSetAddress)
    USBD_StandardSetAddress                  0x0800171d   Thumb Code    38  usbd_stdreq.o(i.USBD_StandardSetAddress)
    i.USBD_StandardSetConfiguration          0x08001748   Section        0  usbd_stdreq.o(i.USBD_StandardSetConfiguration)
    USBD_StandardSetConfiguration            0x08001749   Thumb Code    62  usbd_stdreq.o(i.USBD_StandardSetConfiguration)
    i.USBD_StandardSetDescriptor             0x0800178c   Section        0  usbd_stdreq.o(i.USBD_StandardSetDescriptor)
    USBD_StandardSetDescriptor               0x0800178d   Thumb Code     4  usbd_stdreq.o(i.USBD_StandardSetDescriptor)
    i.USBD_StandardSetFeature                0x08001790   Section        0  usbd_stdreq.o(i.USBD_StandardSetFeature)
    USBD_StandardSetFeature                  0x08001791   Thumb Code     4  usbd_stdreq.o(i.USBD_StandardSetFeature)
    i.USBD_StandardSetInterface              0x08001794   Section        0  usbd_stdreq.o(i.USBD_StandardSetInterface)
    USBD_StandardSetInterface                0x08001795   Thumb Code     4  usbd_stdreq.o(i.USBD_StandardSetInterface)
    i.USBD_SuspendIsrHandler                 0x08001798   Section        0  usbd_interrupt.o(i.USBD_SuspendIsrHandler)
    USBD_SuspendIsrHandler                   0x08001799   Thumb Code   122  usbd_interrupt.o(i.USBD_SuspendIsrHandler)
    i.USBD_TxData                            0x0800181c   Section        0  usbd_core.o(i.USBD_TxData)
    i.USBD_VCP_InEpCallback                  0x080018c8   Section        0  usbd_cdc.o(i.USBD_VCP_InEpCallback)
    i.USBD_VCP_OutEpCallback                 0x080018cc   Section        0  usbd_cdc.o(i.USBD_VCP_OutEpCallback)
    i.USBD_VCP_SetConfigCallBack             0x08001914   Section        0  usbd_cdc.o(i.USBD_VCP_SetConfigCallBack)
    USBD_VCP_SetConfigCallBack               0x08001915   Thumb Code    18  usbd_cdc.o(i.USBD_VCP_SetConfigCallBack)
    i.USBD_WinUSBGetDescriptor               0x08001930   Section        0  usbd_stdreq.o(i.USBD_WinUSBGetDescriptor)
    USBD_WinUSBGetDescriptor                 0x08001931   Thumb Code   132  usbd_stdreq.o(i.USBD_WinUSBGetDescriptor)
    i.USBD_WinUSBReqeust                     0x080019b8   Section        0  usbd_stdreq.o(i.USBD_WinUSBReqeust)
    i.USBD_WriteDataToEP                     0x080019f8   Section        0  drv_usb_device.o(i.USBD_WriteDataToEP)
    i.UsageFault_Handler                     0x08001a34   Section        0  apm32f10x_int.o(i.UsageFault_Handler)
    i.VCP_Reset                              0x08001a38   Section        0  usbd_cdc.o(i.VCP_Reset)
    i.__scatterload_copy                     0x08001a6c   Section       14  handlers.o(i.__scatterload_copy)
    i.__scatterload_null                     0x08001a7a   Section        2  handlers.o(i.__scatterload_null)
    i.__scatterload_zeroinit                 0x08001a7c   Section       14  handlers.o(i.__scatterload_zeroinit)
    i.main                                   0x08001a8c   Section        0  main.o(i.main)
    .constdata                               0x08001ae0   Section      314  usbd_descriptor.o(.constdata)
    .constdata                               0x08001c1c   Section       68  board.o(.constdata)
    .data                                    0x20000000   Section       40  usbd_cdc.o(.data)
    .data                                    0x20000028   Section       98  usbd_descriptor.o(.data)
    .data                                    0x2000008c   Section       40  board.o(.data)
    .bss                                     0x200000b4   Section      256  usbd_cdc.o(.bss)
    dataBuf                                  0x200000b4   Data         256  usbd_cdc.o(.bss)
    .bss                                     0x200001b4   Section      180  usbd_core.o(.bss)
    STACK                                    0x20000268   Section     1024  startup_apm32f10x_hd.o(STACK)

    Global Symbols

    Symbol Name                              Value     Ov Type        Size  Object(Section)

    BuildAttributes$$THM_ISAv4$P$D$K$B$S$PE$A:L22UL41UL21$X:L11$S22US41US21$IEEE1$IW$USESV6$~STKCKD$USESV7$~SHL$OSPACE$EBA8$MICROLIB$REQ8$PRES8$EABIv2 0x00000000   Number         0  anon$$obj.o ABSOLUTE
    __ARM_use_no_argv                        0x00000000   Number         0  main.o ABSOLUTE
    __cpp_initialize__aeabi_                  - Undefined Weak Reference
    __cxa_finalize                            - Undefined Weak Reference
    __decompress                              - Undefined Weak Reference
    _clock_init                               - Undefined Weak Reference
    _microlib_exit                            - Undefined Weak Reference
    __Vectors_Size                           0x00000144   Number         0  startup_apm32f10x_hd.o ABSOLUTE
    __Vectors                                0x08000000   Data           4  startup_apm32f10x_hd.o(RESET)
    __Vectors_End                            0x08000144   Data           0  startup_apm32f10x_hd.o(RESET)
    __main                                   0x08000145   Thumb Code     0  entry.o(.ARM.Collect$$$$00000000)
    _main_stk                                0x08000145   Thumb Code     0  entry2.o(.ARM.Collect$$$$00000001)
    _main_scatterload                        0x08000149   Thumb Code     0  entry5.o(.ARM.Collect$$$$00000004)
    __main_after_scatterload                 0x0800014d   Thumb Code     0  entry5.o(.ARM.Collect$$$$00000004)
    _main_clock                              0x0800014d   Thumb Code     0  entry7b.o(.ARM.Collect$$$$00000008)
    _main_cpp_init                           0x0800014d   Thumb Code     0  entry8b.o(.ARM.Collect$$$$0000000A)
    _main_init                               0x0800014d   Thumb Code     0  entry9a.o(.ARM.Collect$$$$0000000B)
    __rt_final_cpp                           0x08000155   Thumb Code     0  entry10a.o(.ARM.Collect$$$$0000000D)
    __rt_final_exit                          0x08000155   Thumb Code     0  entry11a.o(.ARM.Collect$$$$0000000F)
    Reset_Handler                            0x08000159   Thumb Code     8  startup_apm32f10x_hd.o(.text)
    ADC1_2_IRQHandler                        0x08000173   Thumb Code     0  startup_apm32f10x_hd.o(.text)
    ADC3_IRQHandler                          0x08000173   Thumb Code     0  startup_apm32f10x_hd.o(.text)
    CAN1_RX1_IRQHandler                      0x08000173   Thumb Code     0  startup_apm32f10x_hd.o(.text)
    CAN1_SCE_IRQHandler                      0x08000173   Thumb Code     0  startup_apm32f10x_hd.o(.text)
    CAN2_RX1_IRQHandler                      0x08000173   Thumb Code     0  startup_apm32f10x_hd.o(.text)
    CAN2_SCE_IRQHandler                      0x08000173   Thumb Code     0  startup_apm32f10x_hd.o(.text)
    DMA1_Channel1_IRQHandler                 0x08000173   Thumb Code     0  startup_apm32f10x_hd.o(.text)
    DMA1_Channel2_IRQHandler                 0x08000173   Thumb Code     0  startup_apm32f10x_hd.o(.text)
    DMA1_Channel3_IRQHandler                 0x08000173   Thumb Code     0  startup_apm32f10x_hd.o(.text)
    DMA1_Channel4_IRQHandler                 0x08000173   Thumb Code     0  startup_apm32f10x_hd.o(.text)
    DMA1_Channel5_IRQHandler                 0x08000173   Thumb Code     0  startup_apm32f10x_hd.o(.text)
    DMA1_Channel6_IRQHandler                 0x08000173   Thumb Code     0  startup_apm32f10x_hd.o(.text)
    DMA1_Channel7_IRQHandler                 0x08000173   Thumb Code     0  startup_apm32f10x_hd.o(.text)
    DMA2_Channel1_IRQHandler                 0x08000173   Thumb Code     0  startup_apm32f10x_hd.o(.text)
    DMA2_Channel2_IRQHandler                 0x08000173   Thumb Code     0  startup_apm32f10x_hd.o(.text)
    DMA2_Channel3_IRQHandler                 0x08000173   Thumb Code     0  startup_apm32f10x_hd.o(.text)
    DMA2_Channel4_5_IRQHandler               0x08000173   Thumb Code     0  startup_apm32f10x_hd.o(.text)
    EINT0_IRQHandler                         0x08000173   Thumb Code     0  startup_apm32f10x_hd.o(.text)
    EINT15_10_IRQHandler                     0x08000173   Thumb Code     0  startup_apm32f10x_hd.o(.text)
    EINT1_IRQHandler                         0x08000173   Thumb Code     0  startup_apm32f10x_hd.o(.text)
    EINT2_IRQHandler                         0x08000173   Thumb Code     0  startup_apm32f10x_hd.o(.text)
    EINT3_IRQHandler                         0x08000173   Thumb Code     0  startup_apm32f10x_hd.o(.text)
    EINT4_IRQHandler                         0x08000173   Thumb Code     0  startup_apm32f10x_hd.o(.text)
    EINT9_5_IRQHandler                       0x08000173   Thumb Code     0  startup_apm32f10x_hd.o(.text)
    EMMC_IRQHandler                          0x08000173   Thumb Code     0  startup_apm32f10x_hd.o(.text)
    FLASH_IRQHandler                         0x08000173   Thumb Code     0  startup_apm32f10x_hd.o(.text)
    I2C1_ER_IRQHandler                       0x08000173   Thumb Code     0  startup_apm32f10x_hd.o(.text)
    I2C1_EV_IRQHandler                       0x08000173   Thumb Code     0  startup_apm32f10x_hd.o(.text)
    I2C2_ER_IRQHandler                       0x08000173   Thumb Code     0  startup_apm32f10x_hd.o(.text)
    I2C2_EV_IRQHandler                       0x08000173   Thumb Code     0  startup_apm32f10x_hd.o(.text)
    PVD_IRQHandler                           0x08000173   Thumb Code     0  startup_apm32f10x_hd.o(.text)
    RCM_IRQHandler                           0x08000173   Thumb Code     0  startup_apm32f10x_hd.o(.text)
    RTCAlarm_IRQHandler                      0x08000173   Thumb Code     0  startup_apm32f10x_hd.o(.text)
    RTC_IRQHandler                           0x08000173   Thumb Code     0  startup_apm32f10x_hd.o(.text)
    SDIO_IRQHandler                          0x08000173   Thumb Code     0  startup_apm32f10x_hd.o(.text)
    SPI1_IRQHandler                          0x08000173   Thumb Code     0  startup_apm32f10x_hd.o(.text)
    SPI2_IRQHandler                          0x08000173   Thumb Code     0  startup_apm32f10x_hd.o(.text)
    SPI3_IRQHandler                          0x08000173   Thumb Code     0  startup_apm32f10x_hd.o(.text)
    TAMPER_IRQHandler                        0x08000173   Thumb Code     0  startup_apm32f10x_hd.o(.text)
    TMR1_BRK_IRQHandler                      0x08000173   Thumb Code     0  startup_apm32f10x_hd.o(.text)
    TMR1_CC_IRQHandler                       0x08000173   Thumb Code     0  startup_apm32f10x_hd.o(.text)
    TMR1_TRG_COM_IRQHandler                  0x08000173   Thumb Code     0  startup_apm32f10x_hd.o(.text)
    TMR1_UP_IRQHandler                       0x08000173   Thumb Code     0  startup_apm32f10x_hd.o(.text)
    TMR2_IRQHandler                          0x08000173   Thumb Code     0  startup_apm32f10x_hd.o(.text)
    TMR3_IRQHandler                          0x08000173   Thumb Code     0  startup_apm32f10x_hd.o(.text)
    TMR4_IRQHandler                          0x08000173   Thumb Code     0  startup_apm32f10x_hd.o(.text)
    TMR5_IRQHandler                          0x08000173   Thumb Code     0  startup_apm32f10x_hd.o(.text)
    TMR6_IRQHandler                          0x08000173   Thumb Code     0  startup_apm32f10x_hd.o(.text)
    TMR7_IRQHandler                          0x08000173   Thumb Code     0  startup_apm32f10x_hd.o(.text)
    TMR8_BRK_IRQHandler                      0x08000173   Thumb Code     0  startup_apm32f10x_hd.o(.text)
    TMR8_CC_IRQHandler                       0x08000173   Thumb Code     0  startup_apm32f10x_hd.o(.text)
    TMR8_TRG_COM_IRQHandler                  0x08000173   Thumb Code     0  startup_apm32f10x_hd.o(.text)
    TMR8_UP_IRQHandler                       0x08000173   Thumb Code     0  startup_apm32f10x_hd.o(.text)
    UART4_IRQHandler                         0x08000173   Thumb Code     0  startup_apm32f10x_hd.o(.text)
    UART5_IRQHandler                         0x08000173   Thumb Code     0  startup_apm32f10x_hd.o(.text)
    USART1_IRQHandler                        0x08000173   Thumb Code     0  startup_apm32f10x_hd.o(.text)
    USART2_IRQHandler                        0x08000173   Thumb Code     0  startup_apm32f10x_hd.o(.text)
    USART3_IRQHandler                        0x08000173   Thumb Code     0  startup_apm32f10x_hd.o(.text)
    USBD2_HP_CAN2_TX_IRQHandler              0x08000173   Thumb Code     0  startup_apm32f10x_hd.o(.text)
    USBD2_LP_CAN2_RX0_IRQHandler             0x08000173   Thumb Code     0  startup_apm32f10x_hd.o(.text)
    WWDT_IRQHandler                          0x08000173   Thumb Code     0  startup_apm32f10x_hd.o(.text)
    strlen                                   0x0800017d   Thumb Code    14  strlen.o(.text)
    __scatterload                            0x0800018d   Thumb Code    28  init.o(.text)
    __scatterload_rt2                        0x0800018d   Thumb Code     0  init.o(.text)
    APM_MINI_COMInit                         0x080001b1   Thumb Code   136  board.o(i.APM_MINI_COMInit)
    BusFault_Handler                         0x08000259   Thumb Code     4  apm32f10x_int.o(i.BusFault_Handler)
    CDC_Init                                 0x0800025d   Thumb Code    60  usbd_cdc.o(i.CDC_Init)
    DebugMon_Handler                         0x080002c1   Thumb Code     2  apm32f10x_int.o(i.DebugMon_Handler)
    Delay                                    0x080002c3   Thumb Code    12  main.o(i.Delay)
    EINT_ClearIntFlag                        0x080002d1   Thumb Code     6  apm32f10x_eint.o(i.EINT_ClearIntFlag)
    EINT_Config                              0x080002dd   Thumb Code   142  apm32f10x_eint.o(i.EINT_Config)
    GPIO_Config                              0x08000371   Thumb Code   154  apm32f10x_gpio.o(i.GPIO_Config)
    HardFault_Handler                        0x0800040b   Thumb Code     4  apm32f10x_int.o(i.HardFault_Handler)
    MemManage_Handler                        0x0800040f   Thumb Code     4  apm32f10x_int.o(i.MemManage_Handler)
    NMI_Handler                              0x08000413   Thumb Code     2  apm32f10x_int.o(i.NMI_Handler)
    NVIC_ConfigPriorityGroup                 0x08000415   Thumb Code    10  apm32f10x_misc.o(i.NVIC_ConfigPriorityGroup)
    NVIC_EnableIRQRequest                    0x08000429   Thumb Code   150  apm32f10x_misc.o(i.NVIC_EnableIRQRequest)
    PendSV_Handler                           0x080004c9   Thumb Code     2  apm32f10x_int.o(i.PendSV_Handler)
    RCM_ConfigUSBCLK                         0x080004cd   Thumb Code    14  apm32f10x_rcm.o(i.RCM_ConfigUSBCLK)
    RCM_EnableAPB1PeriphClock                0x080004e1   Thumb Code    12  apm32f10x_rcm.o(i.RCM_EnableAPB1PeriphClock)
    RCM_EnableAPB2PeriphClock                0x080004f1   Thumb Code    12  apm32f10x_rcm.o(i.RCM_EnableAPB2PeriphClock)
    RCM_ReadHCLKFreq                         0x08000501   Thumb Code    38  apm32f10x_rcm.o(i.RCM_ReadHCLKFreq)
    RCM_ReadPCLKFreq                         0x0800053d   Thumb Code    62  apm32f10x_rcm.o(i.RCM_ReadPCLKFreq)
    RCM_ReadSYSCLKFreq                       0x08000589   Thumb Code    86  apm32f10x_rcm.o(i.RCM_ReadSYSCLKFreq)
    SVC_Handler                              0x080005ed   Thumb Code     2  apm32f10x_int.o(i.SVC_Handler)
    SysTick_Handler                          0x080005ef   Thumb Code     2  apm32f10x_int.o(i.SysTick_Handler)
    SystemInit                               0x080006d5   Thumb Code    80  system_apm32f10x.o(i.SystemInit)
    USART_Config                             0x08000735   Thumb Code   138  apm32f10x_usart.o(i.USART_Config)
    USART_Enable                             0x080007c5   Thumb Code    14  apm32f10x_usart.o(i.USART_Enable)
    USBD1_HP_CAN1_TX_IRQHandler              0x080007d3   Thumb Code     8  usbd_interrupt.o(i.USBD1_HP_CAN1_TX_IRQHandler)
    USBD1_LP_CAN1_RX0_IRQHandler             0x080007dd   Thumb Code    96  usbd_interrupt.o(i.USBD1_LP_CAN1_RX0_IRQHandler)
    USBDWakeUp_IRQHandler                    0x08000841   Thumb Code    12  apm32f10x_int.o(i.USBDWakeUp_IRQHandler)
    USBD_ClassHandler                        0x0800084d   Thumb Code     2  usbd_class_cdc.o(i.USBD_ClassHandler)
    USBD_CtrlInData                          0x08000875   Thumb Code   224  usbd_core.o(i.USBD_CtrlInData)
    USBD_CtrlInProcess                       0x08000961   Thumb Code   212  usbd_core.o(i.USBD_CtrlInProcess)
    USBD_CtrlOutData                         0x08000a41   Thumb Code    86  usbd_core.o(i.USBD_CtrlOutData)
    USBD_CtrlOutProcess                      0x08000a9d   Thumb Code   146  usbd_core.o(i.USBD_CtrlOutProcess)
    USBD_DataInProcess                       0x08000b35   Thumb Code   178  usbd_core.o(i.USBD_DataInProcess)
    USBD_DataOutProcess                      0x08000bf5   Thumb Code   210  usbd_core.o(i.USBD_DataOutProcess)
    USBD_HardWareInit                        0x08000cd5   Thumb Code    68  usb_bsp.o(i.USBD_HardWareInit)
    USBD_Init                                0x08000d8d   Thumb Code   116  usbd_init.o(i.USBD_Init)
    USBD_InitParamStructInit                 0x08000e09   Thumb Code    24  usbd_init.o(i.USBD_InitParamStructInit)
    USBD_OpenInEP                            0x08000ec1   Thumb Code    82  usbd_init.o(i.USBD_OpenInEP)
    USBD_OpenOutEP                           0x08000f21   Thumb Code    92  usbd_init.o(i.USBD_OpenOutEP)
    USBD_PowerOn                             0x08000f89   Thumb Code    70  usbd_init.o(i.USBD_PowerOn)
    USBD_ReadDataFromEP                      0x08000fd5   Thumb Code    62  drv_usb_device.o(i.USBD_ReadDataFromEP)
    USBD_ResetEPKind                         0x0800101d   Thumb Code    46  drv_usb_device.o(i.USBD_ResetEPKind)
    USBD_ResetEPRxFlag                       0x08001051   Thumb Code    46  drv_usb_device.o(i.USBD_ResetEPRxFlag)
    USBD_ResetEPTxFlag                       0x08001085   Thumb Code    46  drv_usb_device.o(i.USBD_ResetEPTxFlag)
    USBD_RxData                              0x08001189   Thumb Code    82  usbd_core.o(i.USBD_RxData)
    USBD_SetEPKind                           0x080011e1   Thumb Code    46  drv_usb_device.o(i.USBD_SetEPKind)
    USBD_SetEPRxCnt                          0x08001215   Thumb Code   102  drv_usb_device.o(i.USBD_SetEPRxCnt)
    USBD_SetEPRxStatus                       0x08001285   Thumb Code    50  drv_usb_device.o(i.USBD_SetEPRxStatus)
    USBD_SetEPTxRxStatus                     0x080012bd   Thumb Code    62  drv_usb_device.o(i.USBD_SetEPTxRxStatus)
    USBD_SetEPTxStatus                       0x08001301   Thumb Code    52  drv_usb_device.o(i.USBD_SetEPTxStatus)
    USBD_SetEPType                           0x08001339   Thumb Code    54  drv_usb_device.o(i.USBD_SetEPType)
    USBD_SetEpAddr                           0x08001375   Thumb Code    52  drv_usb_device.o(i.USBD_SetEpAddr)
    USBD_SetupProcess                        0x080013ad   Thumb Code   176  usbd_core.o(i.USBD_SetupProcess)
    USBD_StandardReqeust                     0x08001665   Thumb Code   180  usbd_stdreq.o(i.USBD_StandardReqeust)
    USBD_TxData                              0x0800181d   Thumb Code   160  usbd_core.o(i.USBD_TxData)
    USBD_VCP_InEpCallback                    0x080018c9   Thumb Code     2  usbd_cdc.o(i.USBD_VCP_InEpCallback)
    USBD_VCP_OutEpCallback                   0x080018cd   Thumb Code    54  usbd_cdc.o(i.USBD_VCP_OutEpCallback)
    USBD_WinUSBReqeust                       0x080019b9   Thumb Code    58  usbd_stdreq.o(i.USBD_WinUSBReqeust)
    USBD_WriteDataToEP                       0x080019f9   Thumb Code    50  drv_usb_device.o(i.USBD_WriteDataToEP)
    UsageFault_Handler                       0x08001a35   Thumb Code     4  apm32f10x_int.o(i.UsageFault_Handler)
    VCP_Reset                                0x08001a39   Thumb Code    52  usbd_cdc.o(i.VCP_Reset)
    __scatterload_copy                       0x08001a6d   Thumb Code    14  handlers.o(i.__scatterload_copy)
    __scatterload_null                       0x08001a7b   Thumb Code     2  handlers.o(i.__scatterload_null)
    __scatterload_zeroinit                   0x08001a7d   Thumb Code    14  handlers.o(i.__scatterload_zeroinit)
    main                                     0x08001a8d   Thumb Code    68  main.o(i.main)
    g_usbWinUsbOsString                      0x08001ae0   Data          40  usbd_descriptor.o(.constdata)
    g_usbWinUsbOsFeatureDesc                 0x08001b08   Data          40  usbd_descriptor.o(.constdata)
    g_usbWinUsbOsPropertyDesc                0x08001b30   Data         142  usbd_descriptor.o(.constdata)
    g_usbDeviceDescriptor                    0x08001bbe   Data          18  usbd_descriptor.o(.constdata)
    g_usbConfigDescriptor                    0x08001bd0   Data          32  usbd_descriptor.o(.constdata)
    g_usbLandIDString                        0x08001bf0   Data           4  usbd_descriptor.o(.constdata)
    g_usbVendorString                        0x08001bf4   Data          12  usbd_descriptor.o(.constdata)
    g_usbProductString                       0x08001c00   Data          26  usbd_descriptor.o(.constdata)
    GPIO_PIN                                 0x08001c1c   Data           4  board.o(.constdata)
    GPIO_CLK                                 0x08001c20   Data           8  board.o(.constdata)
    BUTTON_PIN                               0x08001c28   Data           4  board.o(.constdata)
    BUTTON_CLK                               0x08001c2c   Data           8  board.o(.constdata)
    BUTTON_EINT_LINE                         0x08001c34   Data           4  board.o(.constdata)
    BUTTON_PORT_SOURCE                       0x08001c38   Data           2  board.o(.constdata)
    BUTTON_PIN_SOURCE                        0x08001c3a   Data           2  board.o(.constdata)
    BUTTON_IRQn                              0x08001c3c   Data           2  board.o(.constdata)
    COM_USART_CLK                            0x08001c40   Data           8  board.o(.constdata)
    COM_TX_PORT_CLK                          0x08001c48   Data           8  board.o(.constdata)
    COM_RX_PORT_CLK                          0x08001c50   Data           8  board.o(.constdata)
    COM_TX_PIN                               0x08001c58   Data           4  board.o(.constdata)
    COM_RX_PIN                               0x08001c5c   Data           4  board.o(.constdata)
    Region$$Table$$Base                      0x08001c60   Number         0  anon$$obj.o(Region$$Table)
    Region$$Table$$Limit                     0x08001c80   Number         0  anon$$obj.o(Region$$Table)
    stdReqCallback                           0x20000000   Data          40  usbd_cdc.o(.data)
    g_deviceDescriptor                       0x20000028   Data           8  usbd_descriptor.o(.data)
    g_configDescriptor                       0x20000030   Data           8  usbd_descriptor.o(.data)
    g_stringDescriptor                       0x20000038   Data          40  usbd_descriptor.o(.data)
    g_winusbOsFeatureDescriptor              0x20000060   Data           8  usbd_descriptor.o(.data)
    g_winusbOsPropertyDescriptor             0x20000068   Data           8  usbd_descriptor.o(.data)
    g_usbSerialString                        0x20000070   Data          26  usbd_descriptor.o(.data)
    GPIO_PORT                                0x2000008c   Data           8  board.o(.data)
    BUTTON_PORT                              0x20000094   Data           8  board.o(.data)
    COM_USART                                0x2000009c   Data           8  board.o(.data)
    COM_TX_PORT                              0x200000a4   Data           8  board.o(.data)
    COM_RX_PORT                              0x200000ac   Data           8  board.o(.data)
    g_usbDev                                 0x200001b4   Data         180  usbd_core.o(.bss)
    __initial_sp                             0x20000668   Data           0  startup_apm32f10x_hd.o(STACK)



==============================================================================

Memory Map of the image

  Image Entry point : 0x08000145

  Load Region LR_IROM1 (Base: 0x08000000, Size: 0x00001d34, Max: 0x00080000, ABSOLUTE)

    Execution Region ER_IROM1 (Exec base: 0x08000000, Load base: 0x08000000, Size: 0x00001c80, Max: 0x00080000, ABSOLUTE)

    Exec Addr    Load Addr    Size         Type   Attr      Idx    E Section Name        Object

    0x08000000   0x08000000   0x00000144   Data   RO         5218    RESET               startup_apm32f10x_hd.o
    0x08000144   0x08000144   0x00000000   Code   RO         5223  * .ARM.Collect$$$$00000000  mc_w.l(entry.o)
    0x08000144   0x08000144   0x00000004   Code   RO         5228    .ARM.Collect$$$$00000001  mc_w.l(entry2.o)
    0x08000148   0x08000148   0x00000004   Code   RO         5231    .ARM.Collect$$$$00000004  mc_w.l(entry5.o)
    0x0800014c   0x0800014c   0x00000000   Code   RO         5233    .ARM.Collect$$$$00000008  mc_w.l(entry7b.o)
    0x0800014c   0x0800014c   0x00000000   Code   RO         5235    .ARM.Collect$$$$0000000A  mc_w.l(entry8b.o)
    0x0800014c   0x0800014c   0x00000008   Code   RO         5236    .ARM.Collect$$$$0000000B  mc_w.l(entry9a.o)
    0x08000154   0x08000154   0x00000000   Code   RO         5238    .ARM.Collect$$$$0000000D  mc_w.l(entry10a.o)
    0x08000154   0x08000154   0x00000000   Code   RO         5240    .ARM.Collect$$$$0000000F  mc_w.l(entry11a.o)
    0x08000154   0x08000154   0x00000004   Code   RO         5229    .ARM.Collect$$$$00002712  mc_w.l(entry2.o)
    0x08000158   0x08000158   0x00000024   Code   RO         5219    .text               startup_apm32f10x_hd.o
    0x0800017c   0x0800017c   0x0000000e   Code   RO         5226    .text               mc_w.l(strlen.o)
    0x0800018a   0x0800018a   0x00000002   PAD
    0x0800018c   0x0800018c   0x00000024   Code   RO         5242    .text               mc_w.l(init.o)
    0x080001b0   0x080001b0   0x000000a8   Code   RO          807    i.APM_MINI_COMInit  board.o
    0x08000258   0x08000258   0x00000004   Code   RO          116    i.BusFault_Handler  apm32f10x_int.o
    0x0800025c   0x0800025c   0x00000064   Code   RO          241    i.CDC_Init          usbd_cdc.o
    0x080002c0   0x080002c0   0x00000002   Code   RO          117    i.DebugMon_Handler  apm32f10x_int.o
    0x080002c2   0x080002c2   0x0000000c   Code   RO            4    i.Delay             main.o
    0x080002ce   0x080002ce   0x00000002   PAD
    0x080002d0   0x080002d0   0x0000000c   Code   RO         1954    i.EINT_ClearIntFlag  apm32f10x_eint.o
    0x080002dc   0x080002dc   0x00000094   Code   RO         1956    i.EINT_Config       apm32f10x_eint.o
    0x08000370   0x08000370   0x0000009a   Code   RO         2377    i.GPIO_Config       apm32f10x_gpio.o
    0x0800040a   0x0800040a   0x00000004   Code   RO          118    i.HardFault_Handler  apm32f10x_int.o
    0x0800040e   0x0800040e   0x00000004   Code   RO          119    i.MemManage_Handler  apm32f10x_int.o
    0x08000412   0x08000412   0x00000002   Code   RO          120    i.NMI_Handler       apm32f10x_int.o
    0x08000414   0x08000414   0x00000014   Code   RO         2868    i.NVIC_ConfigPriorityGroup  apm32f10x_misc.o
    0x08000428   0x08000428   0x000000a0   Code   RO         2871    i.NVIC_EnableIRQRequest  apm32f10x_misc.o
    0x080004c8   0x080004c8   0x00000002   Code   RO          121    i.PendSV_Handler    apm32f10x_int.o
    0x080004ca   0x080004ca   0x00000002   PAD
    0x080004cc   0x080004cc   0x00000014   Code   RO         3037    i.RCM_ConfigUSBCLK  apm32f10x_rcm.o
    0x080004e0   0x080004e0   0x00000010   Code   RO         3051    i.RCM_EnableAPB1PeriphClock  apm32f10x_rcm.o
    0x080004f0   0x080004f0   0x00000010   Code   RO         3053    i.RCM_EnableAPB2PeriphClock  apm32f10x_rcm.o
    0x08000500   0x08000500   0x0000003c   Code   RO         3063    i.RCM_ReadHCLKFreq  apm32f10x_rcm.o
    0x0800053c   0x0800053c   0x0000004c   Code   RO         3065    i.RCM_ReadPCLKFreq  apm32f10x_rcm.o
    0x08000588   0x08000588   0x00000064   Code   RO         3066    i.RCM_ReadSYSCLKFreq  apm32f10x_rcm.o
    0x080005ec   0x080005ec   0x00000002   Code   RO          122    i.SVC_Handler       apm32f10x_int.o
    0x080005ee   0x080005ee   0x00000002   Code   RO          123    i.SysTick_Handler   apm32f10x_int.o
    0x080005f0   0x080005f0   0x000000dc   Code   RO         5173    i.SystemClock72M    system_apm32f10x.o
    0x080006cc   0x080006cc   0x00000008   Code   RO         5174    i.SystemClockConfig  system_apm32f10x.o
    0x080006d4   0x080006d4   0x00000060   Code   RO         5176    i.SystemInit        system_apm32f10x.o
    0x08000734   0x08000734   0x00000090   Code   RO         4849    i.USART_Config      apm32f10x_usart.o
    0x080007c4   0x080007c4   0x0000000e   Code   RO         4869    i.USART_Enable      apm32f10x_usart.o
    0x080007d2   0x080007d2   0x00000008   Code   RO          545    i.USBD1_HP_CAN1_TX_IRQHandler  usbd_interrupt.o
    0x080007da   0x080007da   0x00000002   PAD
    0x080007dc   0x080007dc   0x00000064   Code   RO          546    i.USBD1_LP_CAN1_RX0_IRQHandler  usbd_interrupt.o
    0x08000840   0x08000840   0x0000000c   Code   RO          124    i.USBDWakeUp_IRQHandler  apm32f10x_int.o
    0x0800084c   0x0800084c   0x00000002   Code   RO          324    i.USBD_ClassHandler  usbd_class_cdc.o
    0x0800084e   0x0800084e   0x00000026   Code   RO          395    i.USBD_ConvertEPType  usbd_init.o
    0x08000874   0x08000874   0x000000ec   Code   RO          464    i.USBD_CtrlInData   usbd_core.o
    0x08000960   0x08000960   0x000000e0   Code   RO          465    i.USBD_CtrlInProcess  usbd_core.o
    0x08000a40   0x08000a40   0x0000005c   Code   RO          466    i.USBD_CtrlOutData  usbd_core.o
    0x08000a9c   0x08000a9c   0x00000098   Code   RO          467    i.USBD_CtrlOutProcess  usbd_core.o
    0x08000b34   0x08000b34   0x000000c0   Code   RO          468    i.USBD_DataInProcess  usbd_core.o
    0x08000bf4   0x08000bf4   0x000000e0   Code   RO          469    i.USBD_DataOutProcess  usbd_core.o
    0x08000cd4   0x08000cd4   0x00000044   Code   RO          350    i.USBD_HardWareInit  usb_bsp.o
    0x08000d18   0x08000d18   0x00000074   Code   RO          547    i.USBD_HighPriorityProc  usbd_interrupt.o
    0x08000d8c   0x08000d8c   0x0000007c   Code   RO          396    i.USBD_Init         usbd_init.o
    0x08000e08   0x08000e08   0x00000018   Code   RO          397    i.USBD_InitParamStructInit  usbd_init.o
    0x08000e20   0x08000e20   0x000000a0   Code   RO          548    i.USBD_LowPriorityProc  usbd_interrupt.o
    0x08000ec0   0x08000ec0   0x00000060   Code   RO          398    i.USBD_OpenInEP     usbd_init.o
    0x08000f20   0x08000f20   0x00000068   Code   RO          399    i.USBD_OpenOutEP    usbd_init.o
    0x08000f88   0x08000f88   0x0000004c   Code   RO          401    i.USBD_PowerOn      usbd_init.o
    0x08000fd4   0x08000fd4   0x00000048   Code   RO          693    i.USBD_ReadDataFromEP  drv_usb_device.o
    0x0800101c   0x0800101c   0x00000034   Code   RO          694    i.USBD_ResetEPKind  drv_usb_device.o
    0x08001050   0x08001050   0x00000034   Code   RO          695    i.USBD_ResetEPRxFlag  drv_usb_device.o
    0x08001084   0x08001084   0x00000034   Code   RO          696    i.USBD_ResetEPTxFlag  drv_usb_device.o
    0x080010b8   0x080010b8   0x000000bc   Code   RO          549    i.USBD_ResetIsrHandler  usbd_interrupt.o
    0x08001174   0x08001174   0x00000014   Code   RO          550    i.USBD_ResumeIsrHandler  usbd_interrupt.o
    0x08001188   0x08001188   0x00000058   Code   RO          470    i.USBD_RxData       usbd_core.o
    0x080011e0   0x080011e0   0x00000034   Code   RO          699    i.USBD_SetEPKind    drv_usb_device.o
    0x08001214   0x08001214   0x00000070   Code   RO          700    i.USBD_SetEPRxCnt   drv_usb_device.o
    0x08001284   0x08001284   0x00000038   Code   RO          701    i.USBD_SetEPRxStatus  drv_usb_device.o
    0x080012bc   0x080012bc   0x00000044   Code   RO          702    i.USBD_SetEPTxRxStatus  drv_usb_device.o
    0x08001300   0x08001300   0x00000038   Code   RO          703    i.USBD_SetEPTxStatus  drv_usb_device.o
    0x08001338   0x08001338   0x0000003c   Code   RO          704    i.USBD_SetEPType    drv_usb_device.o
    0x08001374   0x08001374   0x00000038   Code   RO          705    i.USBD_SetEpAddr    drv_usb_device.o
    0x080013ac   0x080013ac   0x000000bc   Code   RO          471    i.USBD_SetupProcess  usbd_core.o
    0x08001468   0x08001468   0x00000004   Code   RO          600    i.USBD_StandardClearFeature  usbd_stdreq.o
    0x0800146c   0x0800146c   0x00000038   Code   RO          601    i.USBD_StandardGetConfiguration  usbd_stdreq.o
    0x080014a4   0x080014a4   0x000000e4   Code   RO          602    i.USBD_StandardGetDescriptor  usbd_stdreq.o
    0x08001588   0x08001588   0x00000004   Code   RO          603    i.USBD_StandardGetInterface  usbd_stdreq.o
    0x0800158c   0x0800158c   0x000000d8   Code   RO          604    i.USBD_StandardGetStatus  usbd_stdreq.o
    0x08001664   0x08001664   0x000000b8   Code   RO          605    i.USBD_StandardReqeust  usbd_stdreq.o
    0x0800171c   0x0800171c   0x0000002c   Code   RO          606    i.USBD_StandardSetAddress  usbd_stdreq.o
    0x08001748   0x08001748   0x00000044   Code   RO          607    i.USBD_StandardSetConfiguration  usbd_stdreq.o
    0x0800178c   0x0800178c   0x00000004   Code   RO          608    i.USBD_StandardSetDescriptor  usbd_stdreq.o
    0x08001790   0x08001790   0x00000004   Code   RO          609    i.USBD_StandardSetFeature  usbd_stdreq.o
    0x08001794   0x08001794   0x00000004   Code   RO          610    i.USBD_StandardSetInterface  usbd_stdreq.o
    0x08001798   0x08001798   0x00000084   Code   RO          551    i.USBD_SuspendIsrHandler  usbd_interrupt.o
    0x0800181c   0x0800181c   0x000000ac   Code   RO          472    i.USBD_TxData       usbd_core.o
    0x080018c8   0x080018c8   0x00000002   Code   RO          242    i.USBD_VCP_InEpCallback  usbd_cdc.o
    0x080018ca   0x080018ca   0x00000002   PAD
    0x080018cc   0x080018cc   0x00000048   Code   RO          243    i.USBD_VCP_OutEpCallback  usbd_cdc.o
    0x08001914   0x08001914   0x0000001c   Code   RO          244    i.USBD_VCP_SetConfigCallBack  usbd_cdc.o
    0x08001930   0x08001930   0x00000088   Code   RO          611    i.USBD_WinUSBGetDescriptor  usbd_stdreq.o
    0x080019b8   0x080019b8   0x00000040   Code   RO          612    i.USBD_WinUSBReqeust  usbd_stdreq.o
    0x080019f8   0x080019f8   0x0000003c   Code   RO          708    i.USBD_WriteDataToEP  drv_usb_device.o
    0x08001a34   0x08001a34   0x00000004   Code   RO          125    i.UsageFault_Handler  apm32f10x_int.o
    0x08001a38   0x08001a38   0x00000034   Code   RO          245    i.VCP_Reset         usbd_cdc.o
    0x08001a6c   0x08001a6c   0x0000000e   Code   RO         5246    i.__scatterload_copy  mc_w.l(handlers.o)
    0x08001a7a   0x08001a7a   0x00000002   Code   RO         5247    i.__scatterload_null  mc_w.l(handlers.o)
    0x08001a7c   0x08001a7c   0x0000000e   Code   RO         5248    i.__scatterload_zeroinit  mc_w.l(handlers.o)
    0x08001a8a   0x08001a8a   0x00000002   PAD
    0x08001a8c   0x08001a8c   0x00000054   Code   RO            6    i.main              main.o
    0x08001ae0   0x08001ae0   0x0000013a   Data   RO          299    .constdata          usbd_descriptor.o
    0x08001c1a   0x08001c1a   0x00000002   PAD
    0x08001c1c   0x08001c1c   0x00000044   Data   RO          814    .constdata          board.o
    0x08001c60   0x08001c60   0x00000020   Data   RO         5244    Region$$Table       anon$$obj.o


    Execution Region RW_IRAM1 (Exec base: 0x20000000, Load base: 0x08001c80, Size: 0x00000668, Max: 0x00020000, ABSOLUTE)

    Exec Addr    Load Addr    Size         Type   Attr      Idx    E Section Name        Object

    0x20000000   0x08001c80   0x00000028   Data   RW          247    .data               usbd_cdc.o
    0x20000028   0x08001ca8   0x00000062   Data   RW          300    .data               usbd_descriptor.o
    0x2000008a   0x08001d0a   0x00000002   PAD
    0x2000008c   0x08001d0c   0x00000028   Data   RW          815    .data               board.o
    0x200000b4        -       0x00000100   Zero   RW          246    .bss                usbd_cdc.o
    0x200001b4        -       0x000000b4   Zero   RW          473    .bss                usbd_core.o
    0x20000268        -       0x00000400   Zero   RW         5216    STACK               startup_apm32f10x_hd.o


==============================================================================

Image component sizes


      Code (inc. data)   RO Data    RW Data    ZI Data      Debug   Object Name

       160         12          0          0          0       2082   apm32f10x_eint.o
       154          0          0          0          0       1742   apm32f10x_gpio.o
        38          0          0          0          0      90158   apm32f10x_int.o
       180         20          0          0          0       1731   apm32f10x_misc.o
       288         64          0          0          0       5170   apm32f10x_rcm.o
       158          6          0          0          0       2266   apm32f10x_usart.o
       168         32         68         40          0       2567   board.o
       748         80          0          0          0       9854   drv_usb_device.o
        96         16          0          0          0      17490   main.o
        36          8        324          0       1024        996   startup_apm32f10x_hd.o
       324         24          0          0          0       2389   system_apm32f10x.o
        68          0          0          0          0       9999   usb_bsp.o
       254         68          0         40        256       4101   usbd_cdc.o
         2          0          0          0          0        696   usbd_class_cdc.o
      1568         94          0          0        180      12694   usbd_core.o
         0          0        314         98          0       1876   usbd_descriptor.o
       462         40          0          0          0       5051   usbd_init.o
       724         50          0          0          0       5053   usbd_interrupt.o
      1016         54          0          0          0       9560   usbd_stdreq.o

    ----------------------------------------------------------------------
      6452        568        740        180       1460     185475   Object Totals
         0          0         32          0          0          0   (incl. Generated)
         8          0          2          2          0          0   (incl. Padding)

    ----------------------------------------------------------------------

      Code (inc. data)   RO Data    RW Data    ZI Data      Debug   Library Member Name

         0          0          0          0          0          0   entry.o
         0          0          0          0          0          0   entry10a.o
         0          0          0          0          0          0   entry11a.o
         8          4          0          0          0          0   entry2.o
         4          0          0          0          0          0   entry5.o
         0          0          0          0          0          0   entry7b.o
         0          0          0          0          0          0   entry8b.o
         8          4          0          0          0          0   entry9a.o
        30          0          0          0          0          0   handlers.o
        36          8          0          0          0         68   init.o
        14          0          0          0          0         68   strlen.o

    ----------------------------------------------------------------------
       104         16          0          0          0        136   Library Totals
         4          0          0          0          0          0   (incl. Padding)

    ----------------------------------------------------------------------

      Code (inc. data)   RO Data    RW Data    ZI Data      Debug   Library Name

       100         16          0          0          0        136   mc_w.l

    ----------------------------------------------------------------------
       104         16          0          0          0        136   Library Totals

    ----------------------------------------------------------------------

==============================================================================


      Code (inc. data)   RO Data    RW Data    ZI Data      Debug   

      6556        584        740        180       1460     181707   Grand Totals
      6556        584        740        180       1460     181707   ELF Image Totals
      6556        584        740        180          0          0   ROM Totals

==============================================================================

    Total RO  Size (Code + RO Data)                 7296 (   7.13kB)
    Total RW  Size (RW Data + ZI Data)              1640 (   1.60kB)
    Total ROM Size (Code + RO Data + RW Data)       7476 (   7.30kB)

==============================================================================

